(node:21292) ExperimentalWarning: stripTypeScriptTypes is an experimental feature and might change at any time
(Use `node --trace-warnings ...` to show where the warning was created)
✔ AI recognition settings expose explicit credential controls and both routes (3.4066ms)
✔ AI PDF setup validates durable provider state, account and key before progress (0.8425ms)
✔ AI PDF progress starts once and owns one cancellation cleanup path (1.1012ms)
✔ connection test sends one 1x1 JPEG with normalized form config and releases its request (43.7627ms)
✔ connection response validation releases exactly once after extraction and accepts content without questions (7.2493ms)
✔ connection failure preserves stable codes, releases body, and never retries (5.3361ms)
✔ connection invalid config and missing saved credential do not reach adapter or transport (4.1192ms)
✔ connection test accepts a typed key temporarily and zeroes its encoded bytes (5.1348ms)
✔ connection service keeps the entire transport await inside saved credential scope (3.5172ms)
✔ settings load never fetches a key and save/clear erase typed key on success and failure (16.5648ms)
✔ settings typed-key model discovery keeps the current model and persistence untouched until save (6.0953ms)
✔ settings reloads models with the saved key while keeping the persisted model visible (5.9838ms)
✔ settings preserves the saved model when saved-key discovery is empty or fails safely (8.8405ms)
✔ settings saves a model-only change with the saved key but rejects changed credential scope (13.1581ms)
✔ settings tests a typed key before save and blocks mutations/back while the request runs (4.6595ms)
✔ settings maps missing credential, invalid config, invalid responses, and unsafe connection failures locally (15.6518ms)
✔ settings platform row applies addresses without injecting static model recommendations (4.3513ms)
✔ settings onPageShow consumes a picker selection once only after the guard (3.9718ms)
✔ preflight cancellation cleans the selected PDF at every await boundary (16.7104ms)
✔ preflight cancellation retains identity and exposes retry after direct PDF cleanup failure (3.9587ms)
✔ typed non-cancelled run cleanup debt blocks exit and converges through central retry (2.2713ms)
✔ completed import disables cancellation, rechecks account and retries review navigation without rerun (3.0801ms)
✔ post-run account mismatch discards before clearing state and returning to import (3.4857ms)
✔ completed-session abandon retains request and review id until discard retry succeeds (2.8721ms)
✔ credential update barrier persists across restart and ambiguous completion failure (14.8654ms)
✔ HUKS failure after config save blocks old-key dispatch until replacement or clear repairs marker (5.8777ms)
✔ provider or address changes and unsaved test forms never reuse an existing key (9.6949ms)
✔ model-only changes can reuse the saved credential after the new config is persisted (4.7851ms)
✔ failed marker begin and key clear leave dispatch blocked without updating public configuration (5.1028ms)
✔ default coordinator checks persisted config and holds update barrier through credential dispatch (13.7657ms)
✔ source-neutral review isolates providers and renders editable local evidence (1.062ms)
✔ review retains committed retry state and exposes image retry without draft questions (0.5888ms)
✔ AI adapter durable checkpoint overrides stale draft memory and locks retry/edit policy (11.2076ms)
✔ AI adapter propagates durable account/corruption failures instead of falling back to memory (22.8859ms)
✔ review edits and manual failure conversion persist deep copies with stable evidence UUIDs (4.8912ms)
✔ review serializes save and back and abandons only after explicit draft choice (5.8544ms)
✔ review failed retry publishes committed session while hiding arbitrary provider errors (4.2985ms)
✔ failure discard delegates cleanup and blocks duplicate clicks/save/back until it settles (3.8345ms)
✔ review exposes an explicit authoritative-state reload action and gates mutation while uncertain (0.4173ms)
✔ checkpoint/account-switch reconciliation failure locks every mutation and prevents abandonment (3.7751ms)
✔ initial review load failure keeps page ownership until authoritative reload succeeds (4.1235ms)
✔ repeated authoritative reload failure remains locked until owner checkpoint reload succeeds (4.126ms)
✔ committed retry plus authoritative reload failure stays locked until explicit reload (3.88ms)
✔ committed discard or manual transfer plus reload failure locks until authoritative reload (8.0219ms)
✔ AI provider config storage persists only normalized public configuration (0.5648ms)
✔ provider validator accepts local http only for private hosts (2.144ms)
✔ endpoint guard allows https and private http but never public http (1.7358ms)
✔ OpenAI-compatible adapter sends one page image through chat completions (0.4092ms)
✔ AI transport is bounded, non-redirecting, cancellable and independent (0.4158ms)
✔ PDF encoder releases page pixels before returning network-ready text (0.6186ms)
✔ PDF encoder uses bounded exclusive evidence and crop files with narrow cleanup ownership (0.5872ms)
✔ PDF encoder defers close through active operation leases and preserves late failures (0.3902ms)
✔ PDF encoder isolates retry artifacts by exact logical session and attempt ownership (0.3054ms)
✔ PDF encoder deletes only an explicit cache-root session-owned evidence file (0.2261ms)
✔ AI coordinator owns one sequential local-only page pipeline (0.3208ms)
✔ AI coordinator keeps cancellation and request cleanup generation safe (0.2828ms)
✔ AI coordinator retry is page-bounded, atomic and shares processPage (0.2606ms)
✔ AI coordinator cleans only failed attempt artifacts and retains successful namespaces (0.2616ms)
✔ AI coordinator retains initial page evidence but fully cleans failed retries (0.2339ms)
✔ AI coordinator surfaces cleanup failure while retaining the primary error code (1.0285ms)
✔ coordinator exposes cleanup debt only while the final exact cleanup still fails (2.7269ms)
✔ AI coordinator guards credential-delayed transport dispatch by identity and generation (0.4876ms)
✔ AI coordinator commits retry before narrowly deleting superseded failure evidence (0.2089ms)
✔ AI coordinator discard always attempts both cleanups and retains first failure (0.2298ms)
✔ default PDF cleanup remembers successful exact paths across discard retries (0.9151ms)
✔ discard retry converges after image, PDF, or combined partial failure (2.6729ms)
✔ AI review keeps an image even when bbox is unusable (0.4695ms)
✔ unusable bbox skips cropping and keeps whole-page evidence as the question image (4.1865ms)
✔ usable bbox crops per question and discards the unused whole-page evidence (3.4413ms)
✔ automated tests use fakes and cannot call an external provider (1.6641ms)
✔ test-only network helpers reject real provider URLs and production network APIs (1.5004ms)
✔ provider config store keeps catalog platform ids and tolerates unknown ids (0.239ms)
✔ provider config store preserves catalog and unknown provider ids at runtime (8.3962ms)
✔ platform picker page is registered once and reachable from the settings page (0.6339ms)
✔ AI settings never decrypt or redisplay a saved key and clear typed state on every operation (2.7108ms)
✔ connection test uses saved credential scope and releases temporary body and response (0.7083ms)
✔ production AI retry and credential dispatch require persisted usable config (0.737ms)
✔ credential storage uses HUKS AES-256-GCM and a versioned envelope (0.4399ms)
✔ credential preferences are excluded from device backup (0.6903ms)
✔ credential operations use one atomic record and detect corruption before HUKS decrypt (0.4658ms)
✔ AI network errors expose only local stable messages (0.7776ms)
✔ AI credentials reject empty and header-control values before Authorization construction (0.2936ms)
✔ AI coordinator does not retain credentials, provider bodies or response text (0.5176ms)
✔ AI save payload excludes provider and local-only data (0.5887ms)
✔ AI image preparation verifies ownership and cleans only newly copied finals on failure (0.6014ms)
✔ AI session cache cleanup accepts exact legacy and attempt names using tilde ownership (0.5378ms)
✔ AI terminal cleanup performs the strict encoder session sweep before releasing ownership (0.7059ms)
✔ AI image copy cleans partial and newly committed files after late failures (0.4022ms)
✔ AI save freezes a durable checkpoint before any text write and checks the account first (0.6196ms)
✔ AI image persistence is serialized and retains finals for an ambiguous DB outcome (0.2932ms)
✔ AI abandon rejects every durable or in-progress text stage (0.268ms)
✔ raw durable loads stay unpublished until identifiers and account ownership pass (0.3955ms)
✔ AI save lifecycle uses removable keyed session tails (0.3193ms)
✔ durable checkpoint index drives foreground recovery and safe staged PDF deletion (0.8038ms)
✔ COMPLETE access cleanup removal and publication remain account owned (0.3638ms)
✔ image preflight is non-mutating and precedes durable and remote text writes (0.6362ms)
✔ stale pending pruning repairs only durable index state (0.6087ms)
✔ durable IO cannot publish or delete memory before lifecycle account revalidation (0.3436ms)
✔ default checkpoint mutations and cache cleanup pin the owning account for all awaits (0.6765ms)
✔ AI modules have no logging, OCR fallback, or business import endpoint (2.4542ms)
✔ Authorization ownership scan catches lowercase leaks and normalizes Windows paths (1.2904ms)
✔ sync writer cannot see provider configuration, credentials, PDF, or image bytes (0.9491ms)
✔ transport delegates its endpoint scheme guard to the shared private-host predicate (0.442ms)
(node:37336) ExperimentalWarning: stripTypeScriptTypes is an experimental feature and might change at any time
(Use `node --trace-warnings ...` to show where the warning was created)
✔ settings removes static recommendations and fetches with typed or saved credentials (1.4193ms)
✔ model list parser accepts the OpenAI envelope, deduplicates ids and rejects malformed payloads (56.6221ms)
✔ typed key model fetch stays bounded, uses one GET endpoint and zeroes credential bytes (4.4035ms)
✔ saved key model fetch keeps the entire transport await inside credential scope (4.4148ms)
✔ transport owns authenticated model GET with the same endpoint and response bounds (0.8197ms)
ℹ tests 108
ℹ suites 0
ℹ pass 108
ℹ fail 0
ℹ cancelled 0
ℹ skipped 0
ℹ todo 0
ℹ duration_ms 463.6972
