TAP version 13
# (node:54504) ExperimentalWarning: stripTypeScriptTypes is an experimental feature and might change at any time
# (Use `node --trace-warnings ...` to show where the warning was created)
# Subtest: interrupted B credential write cannot relabel its token as metadata account A after restart
ok 1 - interrupted B credential write cannot relabel its token as metadata account A after restart
  ---
  duration_ms: 83.1667
  type: 'test'
  ...
# Subtest: normal login writes one owner-bound secret and restart refresh and logout retain its owner
ok 2 - normal login writes one owner-bound secret and restart refresh and logout retain its owner
  ---
  duration_ms: 16.513
  type: 'test'
  ...
# Subtest: legacy and malformed secret records fail closed without refresh or logout requests
ok 3 - legacy and malformed secret records fail closed without refresh or logout requests
  ---
  duration_ms: 68.7611
  type: 'test'
  ...
# Subtest: metadata B with credential A also fails closed and cached access is not reused
ok 4 - metadata B with credential A also fails closed and cached access is not reused
  ---
  duration_ms: 6.2593
  type: 'test'
  ...
# Account session contracts passed
# Subtest: entry\\src\\test\\AccountSessionContracts.test.cjs
ok 2 - entry\\src\\test\\AccountSessionContracts.test.cjs
  ---
  duration_ms: 232.3133
  type: 'test'
  ...
# (node:49612) ExperimentalWarning: stripTypeScriptTypes is an experimental feature and might change at any time
# (Use `node --trace-warnings ...` to show where the warning was created)
# Subtest: explicit failure discard deletes unreferenced evidence once before removing the failure
ok 6 - explicit failure discard deletes unreferenced evidence once before removing the failure
  ---
  duration_ms: 129.8888
  type: 'test'
  ...
# Subtest: failure discard cleanup failure retains the published failure and evidence for retry
ok 7 - failure discard cleanup failure retains the published failure and evidence for retry
  ---
  duration_ms: 32.1789
  type: 'test'
  ...
# Subtest: manual question transfer publishes one coherent session without deleting transferred evidence
ok 8 - manual question transfer publishes one coherent session without deleting transferred evidence
  ---
  duration_ms: 16.3109
  type: 'test'
  ...
# Subtest: manual transfer publication failure leaves the original failure and evidence intact
ok 9 - manual transfer publication failure leaves the original failure and evidence intact
  ---
  duration_ms: 24.2993
  type: 'test'
  ...
# Subtest: discard deduplicates obsolete paths and retains shared question or other failure evidence
ok 10 - discard deduplicates obsolete paths and retains shared question or other failure evidence
  ---
  duration_ms: 31.9604
  type: 'test'
  ...
# Subtest: all-crop success deletes the unused whole-page JPEG before publishing the page
ok 11 - all-crop success deletes the unused whole-page JPEG before publishing the page
  ---
  duration_ms: 19.1479
  type: 'test'
  ...
# Subtest: mixed crop and full-page questions retain the referenced whole-page JPEG
ok 12 - mixed crop and full-page questions retain the referenced whole-page JPEG
  ---
  duration_ms: 12.1899
  type: 'test'
  ...
# Subtest: successful retries replace every old image only after new questions are stored
ok 13 - successful retries replace every old image only after new questions are stored
  ---
  duration_ms: 33.2071
  type: 'test'
  ...
# Subtest: duplicate old question and failure evidence is deleted once, excluding paths still referenced
ok 14 - duplicate old question and failure evidence is deleted once, excluding paths still referenced
  ---
  duration_ms: 9.3725
  type: 'test'
  ...
# Subtest: an old image shared with an unchanged page survives a successful retry
ok 15 - an old image shared with an unchanged page survives a successful retry
  ---
  duration_ms: 7.4701
  type: 'test'
  ...
# Subtest: failed retry cleans only the new attempt and keeps old questions and evidence
ok 16 - failed retry cleans only the new attempt and keeps old questions and evidence
  ---
  duration_ms: 10.3745
  type: 'test'
  ...
# Subtest: unused whole-page cleanup failure fails and cleans the page attempt
ok 17 - unused whole-page cleanup failure fails and cleans the page attempt
  ---
  duration_ms: 8.8743
  type: 'test'
  ...
# Subtest: post-commit old-image cleanup failure preserves new state and surfaces a diagnostic
ok 18 - post-commit old-image cleanup failure preserves new state and surfaces a diagnostic
  ---
  duration_ms: 15.2943
  type: 'test'
  ...
# (node:47416) ExperimentalWarning: stripTypeScriptTypes is an experimental feature and might change at any time
# (Use `node --trace-warnings ...` to show where the warning was created)
# Subtest: AI recognition settings expose explicit credential controls and both routes
ok 19 - AI recognition settings expose explicit credential controls and both routes
  ---
  duration_ms: 4.5923
  type: 'test'
  ...
# Subtest: AI PDF setup validates durable provider state, account and key before progress
ok 20 - AI PDF setup validates durable provider state, account and key before progress
  ---
  duration_ms: 0.7581
  type: 'test'
  ...
# Subtest: AI PDF progress starts once and owns one cancellation cleanup path
ok 21 - AI PDF progress starts once and owns one cancellation cleanup path
  ---
  duration_ms: 0.9877
  type: 'test'
  ...
# Subtest: connection test sends one 1x1 JPEG with normalized form config and releases its request
ok 22 - connection test sends one 1x1 JPEG with normalized form config and releases its request
  ---
  duration_ms: 105.6296
  type: 'test'
  ...
# Subtest: connection response validation releases exactly once after extraction and accepts content without questions
ok 23 - connection response validation releases exactly once after extraction and accepts content without questions
  ---
  duration_ms: 11.1971
  type: 'test'
  ...
# Subtest: connection failure preserves stable codes, releases body, and never retries
ok 24 - connection failure preserves stable codes, releases body, and never retries
  ---
  duration_ms: 6.1443
  type: 'test'
  ...
# Subtest: connection invalid config and missing saved credential do not reach adapter or transport
ok 25 - connection invalid config and missing saved credential do not reach adapter or transport
  ---
  duration_ms: 5.5701
  type: 'test'
  ...
# Subtest: connection test accepts a typed key temporarily and zeroes its encoded bytes
ok 26 - connection test accepts a typed key temporarily and zeroes its encoded bytes
  ---
  duration_ms: 10.4529
  type: 'test'
  ...
# Subtest: connection service keeps the entire transport await inside saved credential scope
ok 27 - connection service keeps the entire transport await inside saved credential scope
  ---
  duration_ms: 9.7491
  type: 'test'
  ...
# Subtest: settings load never fetches a key and save/clear erase typed key on success and failure
ok 28 - settings load never fetches a key and save/clear erase typed key on success and failure
  ---
  duration_ms: 29.9605
  type: 'test'
  ...
# Subtest: settings model discovery uses only the typed key and keeps persistence untouched until save
ok 29 - settings model discovery uses only the typed key and keeps persistence untouched until save
  ---
  duration_ms: 7.6812
  type: 'test'
  ...
# Subtest: settings tests a typed key before save and blocks mutations/back while the request runs
ok 30 - settings tests a typed key before save and blocks mutations/back while the request runs
  ---
  duration_ms: 6.9856
  type: 'test'
  ...
# Subtest: settings maps missing credential, invalid config, invalid responses, and unsafe connection failures locally
ok 31 - settings maps missing credential, invalid config, invalid responses, and unsafe connection failures locally
  ---
  duration_ms: 36.4046
  type: 'test'
  ...
# Subtest: settings platform row applies addresses without injecting static model recommendations
ok 32 - settings platform row applies addresses without injecting static model recommendations
  ---
  duration_ms: 16.918
  type: 'test'
  ...
# Subtest: settings onPageShow consumes a picker selection once only after the guard
ok 33 - settings onPageShow consumes a picker selection once only after the guard
  ---
  duration_ms: 15.1631
  type: 'test'
  ...
# Subtest: preflight cancellation cleans the selected PDF at every await boundary
ok 34 - preflight cancellation cleans the selected PDF at every await boundary
  ---
  duration_ms: 26.4549
  type: 'test'
  ...
# Subtest: preflight cancellation retains identity and exposes retry after direct PDF cleanup failure
ok 35 - preflight cancellation retains identity and exposes retry after direct PDF cleanup failure
  ---
  duration_ms: 5.2606
  type: 'test'
  ...
# Subtest: typed non-cancelled run cleanup debt blocks exit and converges through central retry
ok 36 - typed non-cancelled run cleanup debt blocks exit and converges through central retry
  ---
  duration_ms: 10.1365
  type: 'test'
  ...
# Subtest: completed import disables cancellation, rechecks account and retries review navigation without rerun
ok 37 - completed import disables cancellation, rechecks account and retries review navigation without rerun
  ---
  duration_ms: 6.5942
  type: 'test'
  ...
# Subtest: post-run account mismatch discards before clearing state and returning to import
ok 38 - post-run account mismatch discards before clearing state and returning to import
  ---
  duration_ms: 12.6265
  type: 'test'
  ...
# Subtest: completed-session abandon retains request and review id until discard retry succeeds
ok 39 - completed-session abandon retains request and review id until discard retry succeeds
  ---
  duration_ms: 4.402
  type: 'test'
  ...
# Subtest: credential update barrier persists across restart and ambiguous completion failure
ok 40 - credential update barrier persists across restart and ambiguous completion failure
  ---
  duration_ms: 37.7738
  type: 'test'
  ...
# Subtest: HUKS failure after config save blocks old-key dispatch until replacement or clear repairs marker
ok 41 - HUKS failure after config save blocks old-key dispatch until replacement or clear repairs marker
  ---
  duration_ms: 40.2541
  type: 'test'
  ...
# Subtest: config-only changes and unsaved test forms never reuse an existing key
ok 42 - config-only changes and unsaved test forms never reuse an existing key
  ---
  duration_ms: 41.2534
  type: 'test'
  ...
# Subtest: failed marker begin and key clear leave dispatch blocked without updating public configuration
ok 43 - failed marker begin and key clear leave dispatch blocked without updating public configuration
  ---
  duration_ms: 18.9065
  type: 'test'
  ...
# Subtest: default coordinator checks persisted config and holds update barrier through credential dispatch
ok 44 - default coordinator checks persisted config and holds update barrier through credential dispatch
  ---
  duration_ms: 29.5213
  type: 'test'
  ...
# Subtest: source-neutral review isolates providers and renders editable local evidence
ok 45 - source-neutral review isolates providers and renders editable local evidence
  ---
  duration_ms: 1.4478
  type: 'test'
  ...
# Subtest: review retains committed retry state and exposes image retry without draft questions
ok 46 - review retains committed retry state and exposes image retry without draft questions
  ---
  duration_ms: 0.7923
  type: 'test'
  ...
# Subtest: AI adapter durable checkpoint overrides stale draft memory and locks retry/edit policy
ok 47 - AI adapter durable checkpoint overrides stale draft memory and locks retry/edit policy
  ---
  duration_ms: 18.1649
  type: 'test'
  ...
# Subtest: AI adapter propagates durable account/corruption failures instead of falling back to memory
ok 48 - AI adapter propagates durable account/corruption failures instead of falling back to memory
  ---
  duration_ms: 38.4928
  type: 'test'
  ...
# Subtest: review edits and manual failure conversion persist deep copies with stable evidence UUIDs
ok 49 - review edits and manual failure conversion persist deep copies with stable evidence UUIDs
  ---
  duration_ms: 8.9847
  type: 'test'
  ...
# Subtest: review serializes save and back and abandons only after explicit draft choice
ok 50 - review serializes save and back and abandons only after explicit draft choice
  ---
  duration_ms: 10.8109
  type: 'test'
  ...
# Subtest: review failed retry publishes committed session while hiding arbitrary provider errors
ok 51 - review failed retry publishes committed session while hiding arbitrary provider errors
  ---
  duration_ms: 7.5294
  type: 'test'
  ...
# Subtest: failure discard delegates cleanup and blocks duplicate clicks/save/back until it settles
ok 52 - failure discard delegates cleanup and blocks duplicate clicks/save/back until it settles
  ---
  duration_ms: 6.3547
  type: 'test'
  ...
# Subtest: review exposes an explicit authoritative-state reload action and gates mutation while uncertain
ok 53 - review exposes an explicit authoritative-state reload action and gates mutation while uncertain
  ---
  duration_ms: 0.5213
  type: 'test'
  ...
# Subtest: checkpoint/account-switch reconciliation failure locks every mutation and prevents abandonment
ok 54 - checkpoint/account-switch reconciliation failure locks every mutation and prevents abandonment
  ---
  duration_ms: 11.1136
  type: 'test'
  ...
# Subtest: initial review load failure keeps page ownership until authoritative reload succeeds
ok 55 - initial review load failure keeps page ownership until authoritative reload succeeds
  ---
  duration_ms: 10.8164
  type: 'test'
  ...
# Subtest: repeated authoritative reload failure remains locked until owner checkpoint reload succeeds
ok 56 - repeated authoritative reload failure remains locked until owner checkpoint reload succeeds
  ---
  duration_ms: 6.035
  type: 'test'
  ...
# Subtest: committed retry plus authoritative reload failure stays locked until explicit reload
ok 57 - committed retry plus authoritative reload failure stays locked until explicit reload
  ---
  duration_ms: 9.509
  type: 'test'
  ...
# Subtest: committed discard or manual transfer plus reload failure locks until authoritative reload
ok 58 - committed discard or manual transfer plus reload failure locks until authoritative reload
  ---
  duration_ms: 19.2597
  type: 'test'
  ...
# Subtest: AI provider config storage persists only normalized public configuration
ok 59 - AI provider config storage persists only normalized public configuration
  ---
  duration_ms: 1.0217
  type: 'test'
  ...
# Subtest: provider validator accepts local http only for private hosts
ok 60 - provider validator accepts local http only for private hosts
  ---
  duration_ms: 5.0432
  type: 'test'
  ...
# Subtest: endpoint guard allows https and private http but never public http
ok 61 - endpoint guard allows https and private http but never public http
  ---
  duration_ms: 4.3509
  type: 'test'
  ...
# Subtest: OpenAI-compatible adapter sends one page image through chat completions
ok 62 - OpenAI-compatible adapter sends one page image through chat completions
  ---
  duration_ms: 0.4115
  type: 'test'
  ...
# Subtest: AI transport is bounded, non-redirecting, cancellable and independent
ok 63 - AI transport is bounded, non-redirecting, cancellable and independent
  ---
  duration_ms: 2.3518
  type: 'test'
  ...
# Subtest: PDF encoder releases page pixels before returning network-ready text
ok 64 - PDF encoder releases page pixels before returning network-ready text
  ---
  duration_ms: 3.6826
  type: 'test'
  ...
# Subtest: PDF encoder uses bounded exclusive evidence and crop files with narrow cleanup ownership
ok 65 - PDF encoder uses bounded exclusive evidence and crop files with narrow cleanup ownership
  ---
  duration_ms: 1.7727
  type: 'test'
  ...
# Subtest: PDF encoder defers close through active operation leases and preserves late failures
ok 66 - PDF encoder defers close through active operation leases and preserves late failures
  ---
  duration_ms: 0.7909
  type: 'test'
  ...
# Subtest: PDF encoder isolates retry artifacts by exact logical session and attempt ownership
ok 67 - PDF encoder isolates retry artifacts by exact logical session and attempt ownership
  ---
  duration_ms: 0.6933
  type: 'test'
  ...
# Subtest: PDF encoder deletes only an explicit cache-root session-owned evidence file
ok 68 - PDF encoder deletes only an explicit cache-root session-owned evidence file
  ---
  duration_ms: 0.5412
  type: 'test'
  ...
# Subtest: AI coordinator owns one sequential local-only page pipeline
ok 69 - AI coordinator owns one sequential local-only page pipeline
  ---
  duration_ms: 0.5893
  type: 'test'
  ...
# Subtest: AI coordinator keeps cancellation and request cleanup generation safe
ok 70 - AI coordinator keeps cancellation and request cleanup generation safe
  ---
  duration_ms: 0.7526
  type: 'test'
  ...
# Subtest: AI coordinator retry is page-bounded, atomic and shares processPage
ok 71 - AI coordinator retry is page-bounded, atomic and shares processPage
  ---
  duration_ms: 0.8242
  type: 'test'
  ...
# Subtest: AI coordinator cleans only failed attempt artifacts and retains successful namespaces
ok 72 - AI coordinator cleans only failed attempt artifacts and retains successful namespaces
  ---
  duration_ms: 0.6699
  type: 'test'
  ...
# Subtest: AI coordinator retains initial page evidence but fully cleans failed retries
ok 73 - AI coordinator retains initial page evidence but fully cleans failed retries
  ---
  duration_ms: 0.5509
  type: 'test'
  ...
# Subtest: AI coordinator surfaces cleanup failure while retaining the primary error code
ok 74 - AI coordinator surfaces cleanup failure while retaining the primary error code
  ---
  duration_ms: 0.6348
  type: 'test'
  ...
# Subtest: coordinator exposes cleanup debt only while the final exact cleanup still fails
ok 75 - coordinator exposes cleanup debt only while the final exact cleanup still fails
  ---
  duration_ms: 7.3309
  type: 'test'
  ...
# Subtest: AI coordinator guards credential-delayed transport dispatch by identity and generation
ok 76 - AI coordinator guards credential-delayed transport dispatch by identity and generation
  ---
  duration_ms: 0.5427
  type: 'test'
  ...
# Subtest: AI coordinator commits retry before narrowly deleting superseded failure evidence
ok 77 - AI coordinator commits retry before narrowly deleting superseded failure evidence
  ---
  duration_ms: 2.8043
  type: 'test'
  ...
# Subtest: AI coordinator discard always attempts both cleanups and retains first failure
ok 78 - AI coordinator discard always attempts both cleanups and retains first failure
  ---
  duration_ms: 0.7398
  type: 'test'
  ...
# Subtest: default PDF cleanup remembers successful exact paths across discard retries
ok 79 - default PDF cleanup remembers successful exact paths across discard retries
  ---
  duration_ms: 1.5905
  type: 'test'
  ...
# Subtest: discard retry converges after image, PDF, or combined partial failure
ok 80 - discard retry converges after image, PDF, or combined partial failure
  ---
  duration_ms: 6.5074
  type: 'test'
  ...
# Subtest: AI review keeps an image even when bbox is unusable
ok 81 - AI review keeps an image even when bbox is unusable
  ---
  duration_ms: 3.0611
  type: 'test'
  ...
# Subtest: unusable bbox skips cropping and keeps whole-page evidence as the question image
ok 82 - unusable bbox skips cropping and keeps whole-page evidence as the question image
  ---
  duration_ms: 14.4249
  type: 'test'
  ...
# Subtest: usable bbox crops per question and discards the unused whole-page evidence
ok 83 - usable bbox crops per question and discards the unused whole-page evidence
  ---
  duration_ms: 6.9426
  type: 'test'
  ...
# Subtest: automated tests use fakes and cannot call an external provider
ok 84 - automated tests use fakes and cannot call an external provider
  ---
  duration_ms: 3.0039
  type: 'test'
  ...
# Subtest: test-only network helpers reject real provider URLs and production network APIs
ok 85 - test-only network helpers reject real provider URLs and production network APIs
  ---
  duration_ms: 3.4715
  type: 'test'
  ...
# Subtest: provider config store keeps catalog platform ids and tolerates unknown ids
ok 86 - provider config store keeps catalog platform ids and tolerates unknown ids
  ---
  duration_ms: 0.3404
  type: 'test'
  ...
# Subtest: provider config store preserves catalog and unknown provider ids at runtime
ok 87 - provider config store preserves catalog and unknown provider ids at runtime
  ---
  duration_ms: 32.9899
  type: 'test'
  ...
# Subtest: platform picker page is registered once and reachable from the settings page
ok 88 - platform picker page is registered once and reachable from the settings page
  ---
  duration_ms: 1.3064
  type: 'test'
  ...
# (node:11240) ExperimentalWarning: stripTypeScriptTypes is an experimental feature and might change at any time
# (Use `node --trace-warnings ...` to show where the warning was created)
# Subtest: public save can repeat with the same supplied session after cleanup without IO replay
ok 89 - public save can repeat with the same supplied session after cleanup without IO replay
  ---
  duration_ms: 198.4127
  type: 'test'
  ...
# Subtest: two queued stale DRAFT public saves execute exactly one complete lifecycle
ok 90 - two queued stale DRAFT public saves execute exactly one complete lifecycle
  ---
  duration_ms: 24.7983
  type: 'test'
  ...
# Subtest: COMPLETE without durable or memory state is sanitized without another cleanup
ok 91 - COMPLETE without durable or memory state is sanitized without another cleanup
  ---
  duration_ms: 27.3756
  type: 'test'
  ...
# Subtest: draft abandon prefix-cleans unreferenced failed-attempt debt before releasing ownership
ok 92 - draft abandon prefix-cleans unreferenced failed-attempt debt before releasing ownership
  ---
  duration_ms: 14.1637
  type: 'test'
  ...
# Subtest: COMPLETE save prefix-cleans post-commit superseded debt before checkpoint release
ok 93 - COMPLETE save prefix-cleans post-commit superseded debt before checkpoint release
  ---
  duration_ms: 34.7987
  type: 'test'
  ...
# Subtest: save prefix cleanup failure preserves checkpoint memory and PDF for terminal retry
ok 94 - save prefix cleanup failure preserves checkpoint memory and PDF for terminal retry
  ---
  duration_ms: 25.4366
  type: 'test'
  ...
# Subtest: abandon prefix cleanup failure preserves draft memory and PDF for terminal retry
ok 95 - abandon prefix cleanup failure preserves draft memory and PDF for terminal retry
  ---
  duration_ms: 16.9447
  type: 'test'
  ...
# Subtest: COMPLETE save retries after PDF deletion and a post-cleanup account failure
ok 96 - COMPLETE save retries after PDF deletion and a post-cleanup account failure
  ---
  duration_ms: 15.049
  type: 'test'
  ...
# Subtest: abandon retries after PDF deletion and a post-cleanup checkpoint failure
ok 97 - abandon retries after PDF deletion and a post-cleanup checkpoint failure
  ---
  duration_ms: 17.1054
  type: 'test'
  ...
# Subtest: completed memory rejects another active account and incompatible caller ownership
ok 98 - completed memory rejects another active account and incompatible caller ownership
  ---
  duration_ms: 26.1936
  type: 'test'
  ...
# Subtest: an unrelated session progresses while the first public save is blocked
ok 99 - an unrelated session progresses while the first public save is blocked
  ---
  duration_ms: 19.3125
  type: 'test'
  ...
# Subtest: a mismatched durable session id is rejected before cleanup or publication
ok 100 - a mismatched durable session id is rejected before cleanup or publication
  ---
  duration_ms: 27.228
  type: 'test'
  ...
# Subtest: a terminal caller without memory still requires its owning account
ok 101 - a terminal caller without memory still requires its owning account
  ---
  duration_ms: 24.9308
  type: 'test'
  ...
# Subtest: AI settings never decrypt or redisplay a saved key and clear typed state on every operation
ok 102 - AI settings never decrypt or redisplay a saved key and clear typed state on every operation
  ---
  duration_ms: 7.9455
  type: 'test'
  ...
# Subtest: connection test uses saved credential scope and releases temporary body and response
ok 103 - connection test uses saved credential scope and releases temporary body and response
  ---
  duration_ms: 0.699
  type: 'test'
  ...
# Subtest: production AI retry and credential dispatch require persisted usable config
ok 104 - production AI retry and credential dispatch require persisted usable config
  ---
  duration_ms: 0.9885
  type: 'test'
  ...
# Subtest: credential storage uses HUKS AES-256-GCM and a versioned envelope
ok 105 - credential storage uses HUKS AES-256-GCM and a versioned envelope
  ---
  duration_ms: 0.8983
  type: 'test'
  ...
# Subtest: credential preferences are excluded from device backup
ok 106 - credential preferences are excluded from device backup
  ---
  duration_ms: 1.1822
  type: 'test'
  ...
# Subtest: credential operations use one atomic record and detect corruption before HUKS decrypt
ok 107 - credential operations use one atomic record and detect corruption before HUKS decrypt
  ---
  duration_ms: 0.8093
  type: 'test'
  ...
# Subtest: AI network errors expose only local stable messages
ok 108 - AI network errors expose only local stable messages
  ---
  duration_ms: 0.6
  type: 'test'
  ...
# Subtest: AI credentials reject empty and header-control values before Authorization construction
ok 109 - AI credentials reject empty and header-control values before Authorization construction
  ---
  duration_ms: 0.5687
  type: 'test'
  ...
# Subtest: AI coordinator does not retain credentials, provider bodies or response text
ok 110 - AI coordinator does not retain credentials, provider bodies or response text
  ---
  duration_ms: 0.7377
  type: 'test'
  ...
# Subtest: AI save payload excludes provider and local-only data
ok 111 - AI save payload excludes provider and local-only data
  ---
  duration_ms: 1.3859
  type: 'test'
  ...
# Subtest: AI image preparation verifies ownership and cleans only newly copied finals on failure
ok 112 - AI image preparation verifies ownership and cleans only newly copied finals on failure
  ---
  duration_ms: 0.7767
  type: 'test'
  ...
# Subtest: AI session cache cleanup accepts exact legacy and attempt names using tilde ownership
ok 113 - AI session cache cleanup accepts exact legacy and attempt names using tilde ownership
  ---
  duration_ms: 0.6513
  type: 'test'
  ...
# Subtest: AI terminal cleanup performs the strict encoder session sweep before releasing ownership
ok 114 - AI terminal cleanup performs the strict encoder session sweep before releasing ownership
  ---
  duration_ms: 1.0315
  type: 'test'
  ...
# Subtest: AI image copy cleans partial and newly committed files after late failures
ok 115 - AI image copy cleans partial and newly committed files after late failures
  ---
  duration_ms: 0.7569
  type: 'test'
  ...
# Subtest: AI save freezes a durable checkpoint before any text write and checks the account first
ok 116 - AI save freezes a durable checkpoint before any text write and checks the account first
  ---
  duration_ms: 1.2462
  type: 'test'
  ...
# Subtest: AI image persistence is serialized and retains finals for an ambiguous DB outcome
ok 117 - AI image persistence is serialized and retains finals for an ambiguous DB outcome
  ---
  duration_ms: 0.6794
  type: 'test'
  ...
# Subtest: AI abandon rejects every durable or in-progress text stage
ok 118 - AI abandon rejects every durable or in-progress text stage
  ---
  duration_ms: 0.6282
  type: 'test'
  ...
# Subtest: raw durable loads stay unpublished until identifiers and account ownership pass
ok 119 - raw durable loads stay unpublished until identifiers and account ownership pass
  ---
  duration_ms: 0.7802
  type: 'test'
  ...
# Subtest: AI save lifecycle uses removable keyed session tails
ok 120 - AI save lifecycle uses removable keyed session tails
  ---
  duration_ms: 1.0552
  type: 'test'
  ...
# Subtest: durable checkpoint index drives foreground recovery and safe staged PDF deletion
ok 121 - durable checkpoint index drives foreground recovery and safe staged PDF deletion
  ---
  duration_ms: 1.0034
  type: 'test'
  ...
# Subtest: COMPLETE access cleanup removal and publication remain account owned
ok 122 - COMPLETE access cleanup removal and publication remain account owned
  ---
  duration_ms: 0.7484
  type: 'test'
  ...
# Subtest: image preflight is non-mutating and precedes durable and remote text writes
ok 123 - image preflight is non-mutating and precedes durable and remote text writes
  ---
  duration_ms: 0.8699
  type: 'test'
  ...
# Subtest: stale pending pruning repairs only durable index state
ok 124 - stale pending pruning repairs only durable index state
  ---
  duration_ms: 0.756
  type: 'test'
  ...
# Subtest: durable IO cannot publish or delete memory before lifecycle account revalidation
ok 125 - durable IO cannot publish or delete memory before lifecycle account revalidation
  ---
  duration_ms: 0.4017
  type: 'test'
  ...
# Subtest: default checkpoint mutations and cache cleanup pin the owning account for all awaits
ok 126 - default checkpoint mutations and cache cleanup pin the owning account for all awaits
  ---
  duration_ms: 0.685
  type: 'test'
  ...
# Subtest: AI modules have no logging, OCR fallback, or business import endpoint
ok 127 - AI modules have no logging, OCR fallback, or business import endpoint
  ---
  duration_ms: 4.7001
  type: 'test'
  ...
# Subtest: Authorization ownership scan catches lowercase leaks and normalizes Windows paths
ok 128 - Authorization ownership scan catches lowercase leaks and normalizes Windows paths
  ---
  duration_ms: 2.0249
  type: 'test'
  ...
# Subtest: sync writer cannot see provider configuration, credentials, PDF, or image bytes
ok 129 - sync writer cannot see provider configuration, credentials, PDF, or image bytes
  ---
  duration_ms: 1.5085
  type: 'test'
  ...
# Subtest: transport delegates its endpoint scheme guard to the shared private-host predicate
ok 130 - transport delegates its endpoint scheme guard to the shared private-host predicate
  ---
  duration_ms: 0.4982
  type: 'test'
  ...
# (node:31924) ExperimentalWarning: stripTypeScriptTypes is an experimental feature and might change at any time
# (Use `node --trace-warnings ...` to show where the warning was created)
# Subtest: settings removes static recommendations and fetches after API key completion
ok 131 - settings removes static recommendations and fetches after API key completion
  ---
  duration_ms: 3.3623
  type: 'test'
  ...
# Subtest: model list parser accepts the OpenAI envelope, deduplicates ids and rejects malformed payloads
ok 132 - model list parser accepts the OpenAI envelope, deduplicates ids and rejects malformed payloads
  ---
  duration_ms: 132.6606
  type: 'test'
  ...
# Subtest: typed key model fetch stays bounded, uses one GET endpoint and zeroes credential bytes
ok 133 - typed key model fetch stays bounded, uses one GET endpoint and zeroes credential bytes
  ---
  duration_ms: 7.3823
  type: 'test'
  ...
# Subtest: transport owns authenticated model GET with the same endpoint and response bounds
ok 134 - transport owns authenticated model GET with the same endpoint and response bounds
  ---
  duration_ms: 1.6557
  type: 'test'
  ...
# API 24 configuration contracts passed
# Subtest: entry\\src\\test\\Api24ConfigurationContracts.test.cjs
ok 8 - entry\\src\\test\\Api24ConfigurationContracts.test.cjs
  ---
  duration_ms: 183.4328
  type: 'test'
  ...
# API 24 HdsTabs contracts passed
# Subtest: entry\\src\\test\\Api24HdsTabsContracts.test.cjs
ok 9 - entry\\src\\test\\Api24HdsTabsContracts.test.cjs
  ---
  duration_ms: 329.7034
  type: 'test'
  ...
# API client contracts passed
# Subtest: entry\\src\\test\\ApiClientContracts.test.cjs
ok 10 - entry\\src\\test\\ApiClientContracts.test.cjs
  ---
  duration_ms: 243.0537
  type: 'test'
  ...
# Auth session contracts passed
# Subtest: entry\\src\\test\\AuthSessionContracts.test.cjs
ok 11 - entry\\src\\test\\AuthSessionContracts.test.cjs
  ---
  duration_ms: 268.3243
  type: 'test'
  ...
# Subtest: schema version six adds every account-scoped cache table
ok 139 - schema version six adds every account-scoped cache table
  ---
  duration_ms: 2.7854
  type: 'test'
  ...
# Subtest: version five migration only creates cache tables and indexes
ok 140 - version five migration only creates cache tables and indexes
  ---
  duration_ms: 7.211
  type: 'test'
  ...
# Subtest: legacy tables and outbox remain intact while device OCR services are retired
ok 141 - legacy tables and outbox remain intact while device OCR services are retired
  ---
  duration_ms: 1.2132
  type: 'test'
  ...
# Subtest: cache models are strict ArkTS classes with server UUID ownership
ok 142 - cache models are strict ArkTS classes with server UUID ownership
  ---
  duration_ms: 0.596
  type: 'test'
  ...
# Subtest: replacePage atomically replaces account text and rejects stale cursors
ok 143 - replacePage atomically replaces account text and rejects stale cursors
  ---
  duration_ms: 1.9928
  type: 'test'
  ...
# Subtest: all cloud cache reads require account ID
ok 144 - all cloud cache reads require account ID
  ---
  duration_ms: 0.9918
  type: 'test'
  ...
# Subtest: device image mappings require matching account and question ownership
ok 145 - device image mappings require matching account and question ownership
  ---
  duration_ms: 7.1681
  type: 'test'
  ...
# Subtest: logout removes only current account text cache and retains device images
ok 146 - logout removes only current account text cache and retains device images
  ---
  duration_ms: 1.712
  type: 'test'
  ...
# Subtest: AI import can persist validated stable bank and question UUIDs
ok 147 - AI import can persist validated stable bank and question UUIDs
  ---
  duration_ms: 5.6612
  type: 'test'
  ...
# Subtest: AI bank batches stay pinned to one expected account across every response
ok 148 - AI bank batches stay pinned to one expected account across every response
  ---
  duration_ms: 2.0559
  type: 'test'
  ...
# Subtest: sign out is gated before joining the serialized account mutation lane
ok 149 - sign out is gated before joining the serialized account mutation lane
  ---
  duration_ms: 0.9333
  type: 'test'
  ...
# Subtest: AI bank cache apply is scoped under the serialized expected-account lane
ok 150 - AI bank cache apply is scoped under the serialized expected-account lane
  ---
  duration_ms: 0.9889
  type: 'test'
  ...
# Subtest: device images validate a complete batch before one immediate transaction
ok 151 - device images validate a complete batch before one immediate transaction
  ---
  duration_ms: 1.345
  type: 'test'
  ...
# Subtest: production code no longer references device OCR services or recognizeText
ok 152 - production code no longer references device OCR services or recognizeText
  ---
  duration_ms: 4.0713
  type: 'test'
  ...
# Subtest: QuestionBankService no longer produces legacy outbox writes
ok 153 - QuestionBankService no longer produces legacy outbox writes
  ---
  duration_ms: 1.6708
  type: 'test'
  ...
# Subtest: WrongQuestionService no longer produces legacy outbox writes
ok 154 - WrongQuestionService no longer produces legacy outbox writes
  ---
  duration_ms: 0.4593
  type: 'test'
  ...
# Subtest: normal business write paths go through CloudQuestionRepository
ok 155 - normal business write paths go through CloudQuestionRepository
  ---
  duration_ms: 1.7842
  type: 'test'
  ...
# Subtest: rollback cloud pages remain intact but the formal PDF flow is client AI only
ok 156 - rollback cloud pages remain intact but the formal PDF flow is client AI only
  ---
  duration_ms: 1.8806
  type: 'test'
  ...
# Subtest: formal entry prohibitions are scoped to the AI flow and leave rollback files available
ok 157 - formal entry prohibitions are scoped to the AI flow and leave rollback files available
  ---
  duration_ms: 1.9979
  type: 'test'
  ...
# Subtest: AppBootstrap integrates LegacyCloudMigrationService without legacy backfill
ok 158 - AppBootstrap integrates LegacyCloudMigrationService without legacy backfill
  ---
  duration_ms: 0.7022
  type: 'test'
  ...
# Subtest: legacy migration gate blocks retirement until all three conditions hold
ok 159 - legacy migration gate blocks retirement until all three conditions hold
  ---
  duration_ms: 1.0491
  type: 'test'
  ...
# Subtest: legacy v5 schema and sync_outbox remain for recovery
ok 160 - legacy v5 schema and sync_outbox remain for recovery
  ---
  duration_ms: 0.4751
  type: 'test'
  ...
# Subtest: no destructive legacy cleanup exists in production startup or sync paths
ok 161 - no destructive legacy cleanup exists in production startup or sync paths
  ---
  duration_ms: 12.6264
  type: 'test'
  ...
# Subtest: server directory has zero uncommitted changes
not ok 162 - server directory has zero uncommitted changes
  ---
  duration_ms: 184.0793
  type: 'test'
  location: 'G:\\code\\openHarmony\\wrong_question_collection\\entry\\src\\test\\CloudCutoverContracts.test.cjs:196:1'
  failureType: 'testCodeFailure'
  error: |-
    server/ must remain untouched by the cutover task
    + actual - expected
    
    + 'M server/package.json\n' +
    +   ' M server/worker/pdf_pipeline.py\n' +
    +   ' M server/worker/question_parser.py\n' +
    +   ' M server/worker/tests/test_pdf_pipeline.py\n' +
    +   ' M server/worker/tests/test_question_parser.py\n' +
    +   '?? server/.codex-worker-test-4/\n' +
    +   '?? server/.pytest-ai-import-audit/\n' +
    +   '?? server/scripts/math-pdf-import-e2e.cjs\n' +
    +   '?? server/scripts/tests/\n' +
    +   '?? server/worker/layout_debug.py\n' +
    +   '?? server/worker/math_layout.py\n' +
    +   '?? server/worker/tests/test_layout_debug.py\n' +
    +   '?? server/worker/text_layer.py'
    - ''
    
  code: 'ERR_ASSERTION'
  name: 'AssertionError'
  expected: ''
  actual: |-
    M server/package.json
     M server/worker/pdf_pipeline.py
     M server/worker/question_parser.py
     M server/worker/tests/test_pdf_pipeline.py
     M server/worker/tests/test_question_parser.py
    ?? server/.codex-worker-test-4/
    ?? server/.pytest-ai-import-audit/
    ?? server/scripts/math-pdf-import-e2e.cjs
    ?? server/scripts/tests/
    ?? server/worker/layout_debug.py
    ?? server/worker/math_layout.py
    ?? server/worker/tests/test_layout_debug.py
    ?? server/worker/text_layer.py
  operator: 'strictEqual'
  stack: |-
    TestContext.<anonymous> (G:\code\openHarmony\wrong_question_collection\entry\src\test\CloudCutoverContracts.test.cjs:217:10)
    Test.runInAsyncScope (node:async_hooks:227:14)
    Test.run (node:internal/test_runner/test:1382:25)
    Test.processPendingSubtests (node:internal/test_runner/test:960:18)
    Test.postRun (node:internal/test_runner/test:1522:19)
    Test.run (node:internal/test_runner/test:1447:12)
    async Test.processPendingSubtests (node:internal/test_runner/test:960:7)
  ...
# Cloud import API contracts passed
# Subtest: entry\\src\\test\\CloudImportApiContracts.test.cjs
ok 14 - entry\\src\\test\\CloudImportApiContracts.test.cjs
  ---
  duration_ms: 261.4737
  type: 'test'
  ...
# (node:57400) ExperimentalWarning: stripTypeScriptTypes is an experimental feature and might change at any time
# (Use `node --trace-warnings ...` to show where the warning was created)
# Subtest: setup performs signed-in online PDF preflight and creates a cloud job
ok 164 - setup performs signed-in online PDF preflight and creates a cloud job
  ---
  duration_ms: 6.8126
  type: 'test'
  ...
# Subtest: progress resumes upload and polls cloud jobs with bounded backoff
ok 165 - progress resumes upload and polls cloud jobs with bounded backoff
  ---
  duration_ms: 1.6144
  type: 'test'
  ...
# Subtest: inactive progress page stops polling without cancelling the server job
ok 166 - inactive progress page stops polling without cancelling the server job
  ---
  duration_ms: 1.1748
  type: 'test'
  ...
# Subtest: cloud import status card exposes unified progress error and retry state
ok 167 - cloud import status card exposes unified progress error and retry state
  ---
  duration_ms: 0.5038
  type: 'test'
  ...
# Subtest: review reads and edits the server draft before confirmation
ok 168 - review reads and edits the server draft before confirmation
  ---
  duration_ms: 0.9441
  type: 'test'
  ...
# Subtest: review downloads verified artifacts before acknowledging only stored IDs
ok 169 - review downloads verified artifacts before acknowledging only stored IDs
  ---
  duration_ms: 4.6183
  type: 'test'
  ...
# Subtest: review keeps confirmed text when an artifact has expired
ok 170 - review keeps confirmed text when an artifact has expired
  ---
  duration_ms: 2.0686
  type: 'test'
  ...
# Subtest: explicit Cloud abandonment removes only its exact staged PDF before clearing state
ok 171 - explicit Cloud abandonment removes only its exact staged PDF before clearing state
  ---
  duration_ms: 1.6695
  type: 'test'
  ...
# Subtest: Cloud adapter preserves nullable protocol fields and makes independent round-trip copies
ok 172 - Cloud adapter preserves nullable protocol fields and makes independent round-trip copies
  ---
  duration_ms: 148.6309
  type: 'test'
  ...
# Subtest: Cloud adapter resumes confirmed text with verified IDs and preserves account/ACK ordering
ok 173 - Cloud adapter resumes confirmed text with verified IDs and preserves account/ACK ordering
  ---
  duration_ms: 13.4482
  type: 'test'
  ...
# Subtest: PDF import state retains cloud job metadata progress and review state
ok 174 - PDF import state retains cloud job metadata progress and review state
  ---
  duration_ms: 0.5278
  type: 'test'
  ...
# Subtest: import bank stages an AI PDF selection and opens only the AI setup page
ok 175 - import bank stages an AI PDF selection and opens only the AI setup page
  ---
  duration_ms: 0.9057
  type: 'test'
  ...
# Subtest: SyncPayloadData mirrors the server contract and allows explicit null optionals
ok 176 - SyncPayloadData mirrors the server contract and allows explicit null optionals
  ---
  duration_ms: 2.0908
  type: 'test'
  ...
# Subtest: applyQuestion normalizes null question payloads into strict cache values
ok 177 - applyQuestion normalizes null question payloads into strict cache values
  ---
  duration_ms: 1.0761
  type: 'test'
  ...
# Subtest: applyBank and applyWrongQuestion normalize null optionals as well
ok 178 - applyBank and applyWrongQuestion normalize null optionals as well
  ---
  duration_ms: 2.0468
  type: 'test'
  ...
# Subtest: legacy remote applier is null-safe so it still compiles against the aligned model
ok 179 - legacy remote applier is null-safe so it still compiles against the aligned model
  ---
  duration_ms: 0.7901
  type: 'test'
  ...
# Subtest: only real network failures mark pages offline; other refresh errors show sync failure
ok 180 - only real network failures mark pages offline; other refresh errors show sync failure
  ---
  duration_ms: 2.952
  type: 'test'
  ...
# Subtest: cloud sync stays local when signed out and serializes concurrent requests
ok 181 - cloud sync stays local when signed out and serializes concurrent requests
  ---
  duration_ms: 1.3865
  type: 'test'
  ...
# Subtest: signed-in sync refreshes the server-first cache and retires the legacy outbox drain
ok 182 - signed-in sync refreshes the server-first cache and retires the legacy outbox drain
  ---
  duration_ms: 0.7229
  type: 'test'
  ...
# Subtest: legacy outbox and remote applier remain intact as recovery-only services
ok 183 - legacy outbox and remote applier remain intact as recovery-only services
  ---
  duration_ms: 0.6752
  type: 'test'
  ...
# Dark mode contracts passed
# Subtest: entry\\src\\test\\DarkModeContracts.test.cjs
ok 18 - entry\\src\\test\\DarkModeContracts.test.cjs
  ---
  duration_ms: 292.3386
  type: 'test'
  ...
# Subtest: renders the complete developer section only behind BuildProfile.DEBUG
ok 185 - renders the complete developer section only behind BuildProfile.DEBUG
  ---
  duration_ms: 1.942
  type: 'test'
  ...
# Subtest: checks login, reuses accessToken refresh, and reports every result
ok 186 - checks login, reuses accessToken refresh, and reports every result
  ---
  duration_ms: 4.2444
  type: 'test'
  ...
# Subtest: never exposes or persists either token from the Mine-page feature
ok 187 - never exposes or persists either token from the Mine-page feature
  ---
  duration_ms: 1.4489
  type: 'test'
  ...
# EasyGo parallel view contracts passed
# Subtest: entry\\src\\test\\EasyGoContracts.test.cjs
ok 20 - entry\\src\\test\\EasyGoContracts.test.cjs
  ---
  duration_ms: 185.2164
  type: 'test'
  ...
# Editorial UI contracts passed
# Subtest: entry\\src\\test\\EditorialUiContracts.test.cjs
ok 21 - entry\\src\\test\\EditorialUiContracts.test.cjs
  ---
  duration_ms: 202.8296
  type: 'test'
  ...
# Home dashboard contracts passed
# Subtest: entry\\src\\test\\HomeDashboardContracts.test.cjs
ok 22 - entry\\src\\test\\HomeDashboardContracts.test.cjs
  ---
  duration_ms: 219.5219
  type: 'test'
  ...
# Home page contracts passed
# Subtest: entry\\src\\test\\HomePageContracts.test.cjs
ok 23 - entry\\src\\test\\HomePageContracts.test.cjs
  ---
  duration_ms: 271.0911
  type: 'test'
  ...
# Subtest: home keeps one import entry and names every shortcut for its real destination
ok 192 - home keeps one import entry and names every shortcut for its real destination
  ---
  duration_ms: 7.2435
  type: 'test'
  ...
# Subtest: recent summaries expose one list-level action and rows no longer pretend to deep-link
ok 193 - recent summaries expose one list-level action and rows no longer pretend to deep-link
  ---
  duration_ms: 0.8378
  type: 'test'
  ...
# Subtest: home shortcuts and primary review meet touch size and large-text layout contracts
ok 194 - home shortcuts and primary review meet touch size and large-text layout contracts
  ---
  duration_ms: 2.734
  type: 'test'
  ...
# Subtest: HdsTabs action-slot mapping and guarded navigation remain intact
ok 195 - HdsTabs action-slot mapping and guarded navigation remain intact
  ---
  duration_ms: 1.473
  type: 'test'
  ...
# Huawei login contracts passed
# Subtest: entry\\src\\test\\HuaweiLoginContracts.test.cjs
ok 25 - entry\\src\\test\\HuaweiLoginContracts.test.cjs
  ---
  duration_ms: 319.3313
  type: 'test'
  ...
# Subtest: migration model covers the five stages with strict ArkTS types
ok 197 - migration model covers the five stages with strict ArkTS types
  ---
  duration_ms: 5.0961
  type: 'test'
  ...
# Subtest: MigrationPolicy binds accounts and retires only on all three conditions
ok 198 - MigrationPolicy binds accounts and retires only on all three conditions
  ---
  duration_ms: 4.5417
  type: 'test'
  ...
# Subtest: text normalization is deterministic, UUID ordered, and server-trim aware
ok 199 - text normalization is deterministic, UUID ordered, and server-trim aware
  ---
  duration_ms: 0.6233
  type: 'test'
  ...
# Subtest: migration state lives outside sync_outbox and never writes it
ok 200 - migration state lives outside sync_outbox and never writes it
  ---
  duration_ms: 0.6096
  type: 'test'
  ...
# Subtest: legacy scan excludes sample data and reads stable identities
ok 201 - legacy scan excludes sample data and reads stable identities
  ---
  duration_ms: 1.0175
  type: 'test'
  ...
# Subtest: upload reuses the server sync API with stable UUIDs in bounded batches
ok 202 - upload reuses the server sync API with stable UUIDs in bounded batches
  ---
  duration_ms: 0.7701
  type: 'test'
  ...
# Subtest: server ACK is required before the verifying stage
ok 203 - server ACK is required before the verifying stage
  ---
  duration_ms: 2.1437
  type: 'test'
  ...
# Subtest: verification pulls the authoritative snapshot and fails on count mismatch
ok 204 - verification pulls the authoritative snapshot and fails on count mismatch
  ---
  duration_ms: 0.9444
  type: 'test'
  ...
# Subtest: SHA-256 digest mismatch blocks cacheVerified and completion
ok 205 - SHA-256 digest mismatch blocks cacheVerified and completion
  ---
  duration_ms: 0.8764
  type: 'test'
  ...
# Subtest: cloud cache is written only after every bank verified
ok 206 - cloud cache is written only after every bank verified
  ---
  duration_ms: 6.6847
  type: 'test'
  ...
# Subtest: completion requires all three conditions and never deletes legacy data
ok 207 - completion requires all three conditions and never deletes legacy data
  ---
  duration_ms: 2.1078
  type: 'test'
  ...
# Subtest: image rebinding keeps device images private and preserves the originals
ok 208 - image rebinding keeps device images private and preserves the originals
  ---
  duration_ms: 1.9691
  type: 'test'
  ...
# Subtest: failure states allow retry and resume from acknowledged banks
ok 209 - failure states allow retry and resume from acknowledged banks
  ---
  duration_ms: 1.0231
  type: 'test'
  ...
# Subtest: legacy OCR and PDF fallback services are retired and unreferenced by migration
ok 210 - legacy OCR and PDF fallback services are retired and unreferenced by migration
  ---
  duration_ms: 0.8345
  type: 'test'
  ...
# Subtest: bootstrap restores migration state without auto claiming an account
ok 211 - bootstrap restores migration state without auto claiming an account
  ---
  duration_ms: 0.7644
  type: 'test'
  ...
# Subtest: migration card shows all five states, counts, and a retry action
ok 212 - migration card shows all five states, counts, and a retry action
  ---
  duration_ms: 0.4911
  type: 'test'
  ...
# Subtest: mine page requires login and explicit confirmation before migrating
ok 213 - mine page requires login and explicit confirmation before migrating
  ---
  duration_ms: 0.5473
  type: 'test'
  ...
# Main navigation contracts passed
# Subtest: entry\\src\\test\\MainNavigationContracts.test.cjs
ok 27 - entry\\src\\test\\MainNavigationContracts.test.cjs
  ---
  duration_ms: 294.0516
  type: 'test'
  ...
# Math content contracts passed
# Subtest: entry\\src\\test\\MathContentContracts.test.cjs
ok 28 - entry\\src\\test\\MathContentContracts.test.cjs
  ---
  duration_ms: 309.9346
  type: 'test'
  ...
# Native navigation contracts passed
# Subtest: entry\\src\\test\\NativeNavigationContracts.test.cjs
ok 29 - entry\\src\\test\\NativeNavigationContracts.test.cjs
  ---
  duration_ms: 295.4498
  type: 'test'
  ...
# Network security contracts passed
# Subtest: entry\\src\\test\\NetworkSecurityContracts.test.cjs
ok 30 - entry\\src\\test\\NetworkSecurityContracts.test.cjs
  ---
  duration_ms: 251.3793
  type: 'test'
  ...
# (node:28148) ExperimentalWarning: stripTypeScriptTypes is an experimental feature and might change at any time
# (Use `node --trace-warnings ...` to show where the warning was created)
# Subtest: current schema contains question image storage and durable cleanup debt
ok 218 - current schema contains question image storage and durable cleanup debt
  ---
  duration_ms: 2.0478
  type: 'test'
  ...
# Subtest: version one migration probes columns and conditionally repairs partial migrations
ok 219 - version one migration probes columns and conditionally repairs partial migrations
  ---
  duration_ms: 2.0134
  type: 'test'
  ...
# Subtest: import persistence snapshots inputs before awaiting and separates commit from object mutation
ok 220 - import persistence snapshots inputs before awaiting and separates commit from object mutation
  ---
  duration_ms: 1.6106
  type: 'test'
  ...
# Subtest: question image reads are ordered, mapped, and closed in method scope
ok 221 - question image reads are ordered, mapped, and closed in method scope
  ---
  duration_ms: 0.6182
  type: 'test'
  ...
# Subtest: update and delete methods keep their exact storage boundaries
ok 222 - update and delete methods keep their exact storage boundaries
  ---
  duration_ms: 2.5137
  type: 'test'
  ...
# Subtest: pdf selection stages one validated file through bounded streaming io
ok 223 - pdf selection stages one validated file through bounded streaming io
  ---
  duration_ms: 1.3943
  type: 'test'
  ...
# Subtest: temporary pdf cleanup requires exact staged ownership and unregisters only after safe outcomes
ok 224 - temporary pdf cleanup requires exact staged ownership and unregisters only after safe outcomes
  ---
  duration_ms: 1.2121
  type: 'test'
  ...
# Subtest: pdf selection serializes picker work and removes only direct unregistered stale cache files
ok 225 - pdf selection serializes picker work and removes only direct unregistered stale cache files
  ---
  duration_ms: 1.2356
  type: 'test'
  ...
# Subtest: question crop converts coordinates directly and owns every file and image resource
ok 226 - question crop converts coordinates directly and owns every file and image resource
  ---
  duration_ms: 0.9982
  type: 'test'
  ...
# Subtest: PDF import device pipeline stays offline even with app-level INTERNET permission
ok 227 - PDF import device pipeline stays offline even with app-level INTERNET permission
  ---
  duration_ms: 0.6917
  type: 'test'
  ...
# Subtest: device OCR and PDF coordinator services are retired after the cloud cutover
ok 228 - device OCR and PDF coordinator services are retired after the cloud cutover
  ---
  duration_ms: 0.769
  type: 'test'
  ...
# Subtest: PDF import routes keep rollback pages and register the formal AI flow
ok 229 - PDF import routes keep rollback pages and register the formal AI flow
  ---
  duration_ms: 0.7405
  type: 'test'
  ...
# Subtest: formal PDF selection enters only the client AI setup
ok 230 - formal PDF selection enters only the client AI setup
  ---
  duration_ms: 0.5413
  type: 'test'
  ...
# Subtest: formal AI PDF entry has no Cloud, OCR, endpoint, or fallback path
ok 231 - formal AI PDF entry has no Cloud, OCR, endpoint, or fallback path
  ---
  duration_ms: 1.1257
  type: 'test'
  ...
# Subtest: formal PDF selection preserves exactly one reachable owner across replacement and route failures
ok 232 - formal PDF selection preserves exactly one reachable owner across replacement and route failures
  ---
  duration_ms: 75.3899
  type: 'test'
  ...
# Subtest: PDF setup validates cloud metadata and page range before progress routing
ok 233 - PDF setup validates cloud metadata and page range before progress routing
  ---
  duration_ms: 0.8779
  type: 'test'
  ...
# Subtest: resource route registry contains each AI page exactly once
ok 234 - resource route registry contains each AI page exactly once
  ---
  duration_ms: 1.4603
  type: 'test'
  ...
# Subtest: import entry serializes JSON and AI PDF selection, blocks back, and grows errors
ok 235 - import entry serializes JSON and AI PDF selection, blocks back, and grows errors
  ---
  duration_ms: 1.4877
  type: 'test'
  ...
# Subtest: question image cleanup debt is idempotent and retry retains only failed paths
ok 236 - question image cleanup debt is idempotent and retry retains only failed paths
  ---
  duration_ms: 0.8452
  type: 'test'
  ...
# Subtest: temporary PDF abandonment moves only exact active ownership to retryable orphan storage
ok 237 - temporary PDF abandonment moves only exact active ownership to retryable orphan storage
  ---
  duration_ms: 0.7084
  type: 'test'
  ...
# Subtest: failed candidate deletion atomically transfers exact ownership to orphan cleanup
ok 238 - failed candidate deletion atomically transfers exact ownership to orphan cleanup
  ---
  duration_ms: 1.1938
  type: 'test'
  ...
# Subtest: saveCrop registers only an owned temporary residue when immediate cleanup fails
ok 239 - saveCrop registers only an owned temporary residue when immediate cleanup fails
  ---
  duration_ms: 0.6498
  type: 'test'
  ...
# Subtest: question image debt retry shares one transition and recovers strict direct cache files after restart
ok 240 - question image debt retry shares one transition and recovers strict direct cache files after restart
  ---
  duration_ms: 0.7909
  type: 'test'
  ...
# Subtest: PDF stale cleanup isolates per-file failures so picker construction remains reachable
ok 241 - PDF stale cleanup isolates per-file failures so picker construction remains reachable
  ---
  duration_ms: 1.8349
  type: 'test'
  ...
# Subtest: savePdfBank keeps bank questions and images in one transaction without changing JSON import API
ok 242 - savePdfBank keeps bank questions and images in one transaction without changing JSON import API
  ---
  duration_ms: 0.6054
  type: 'test'
  ...
# Subtest: committed PDF image rollback is path-owned idempotent and reports recoverable cleanup state
ok 243 - committed PDF image rollback is path-owned idempotent and reports recoverable cleanup state
  ---
  duration_ms: 1.682
  type: 'test'
  ...
# Subtest: partial image commit rollback failure preserves structured recoverable ownership
ok 244 - partial image commit rollback failure preserves structured recoverable ownership
  ---
  duration_ms: 1.2092
  type: 'test'
  ...
# Subtest: uncertain PDF bank save exports exact three-state verification
ok 245 - uncertain PDF bank save exports exact three-state verification
  ---
  duration_ms: 1.8426
  type: 'test'
  ...
# Subtest: saved question source images render only when present and use stable image identifiers
ok 246 - saved question source images render only when present and use stable image identifiers
  ---
  duration_ms: 0.828
  type: 'test'
  ...
# Subtest: question detail reloads on page show, renders source before question content, and opens editing for selected question
ok 247 - question detail reloads on page show, renders source before question content, and opens editing for selected question
  ---
  duration_ms: 0.9181
  type: 'test'
  ...
# Subtest: question list cards show pending review only for questions that need review
ok 248 - question list cards show pending review only for questions that need review
  ---
  duration_ms: 0.6298
  type: 'test'
  ...
# Subtest: saved question editor clones all editable fields but preserves source image ownership
ok 249 - saved question editor clones all editable fields but preserves source image ownership
  ---
  duration_ms: 0.5047
  type: 'test'
  ...
# Subtest: bank deletion is server-first and refreshes the cache only after server success
ok 250 - bank deletion is server-first and refreshes the cache only after server success
  ---
  duration_ms: 0.7969
  type: 'test'
  ...
# Subtest: question list reloads the active query on page show and lazily renders a fully notified data source
ok 251 - question list reloads the active query on page show and lazily renders a fully notified data source
  ---
  duration_ms: 1.8193
  type: 'test'
  ...
# Subtest: list and search queries do not serially hydrate source images while detail still does
ok 252 - list and search queries do not serially hydrate source images while detail still does
  ---
  duration_ms: 0.8166
  type: 'test'
  ...
# Subtest: bank deletion durably records exact image debt inside the same transaction before deleting rows
ok 253 - bank deletion durably records exact image debt inside the same transaction before deleting rows
  ---
  duration_ms: 0.6773
  type: 'test'
  ...
# Subtest: cleanup retry merges exact durable debt, protects live references, and clears debt only after safe cleanup
ok 254 - cleanup retry merges exact durable debt, protects live references, and clears debt only after safe cleanup
  ---
  duration_ms: 0.758
  type: 'test'
  ...
# Subtest: direct image deletion clears durable debt after safe absence or unlink and retries empty bank directory cleanup
ok 255 - direct image deletion clears durable debt after safe absence or unlink and retries empty bank directory cleanup
  ---
  duration_ms: 0.6065
  type: 'test'
  ...
# Subtest: PDF import manifest allows INTERNET but device pipeline contains no network client
ok 256 - PDF import manifest allows INTERNET but device pipeline contains no network client
  ---
  duration_ms: 0.8425
  type: 'test'
  ...
# Subtest: temporary PDF deletion is an idempotent direct-child operation under its registered cache root
ok 257 - temporary PDF deletion is an idempotent direct-child operation under its registered cache root
  ---
  duration_ms: 0.588
  type: 'test'
  ...
# Subtest: read-only temporary PDF absence proof accepts only a missing strict direct child
ok 258 - read-only temporary PDF absence proof accepts only a missing strict direct child
  ---
  duration_ms: 28.5912
  type: 'test'
  ...
# Subtest: temporary PDF absence proof rejects malformed and cross-root paths without deletion
ok 259 - temporary PDF absence proof rejects malformed and cross-root paths without deletion
  ---
  duration_ms: 47.9753
  type: 'test'
  ...
# Subtest: temporary PDF absence proof is read-only and validates path then cache then lstat absence
ok 260 - temporary PDF absence proof is read-only and validates path then cache then lstat absence
  ---
  duration_ms: 0.4473
  type: 'test'
  ...
# Subtest: question image deletion accepts only exact service cache files or exact bank image hierarchy
ok 261 - question image deletion accepts only exact service cache files or exact bank image hierarchy
  ---
  duration_ms: 0.9251
  type: 'test'
  ...
# Subtest: unknown or malformed PDF ownership throws and only strict registered staged files can be abandoned
ok 262 - unknown or malformed PDF ownership throws and only strict registered staged files can be abandoned
  ---
  duration_ms: 1.3602
  type: 'test'
  ...
# Subtest: current schema durably records exact rollback mappings and retry restores mappings without committed scans
ok 263 - current schema durably records exact rollback mappings and retry restores mappings without committed scans
  ---
  duration_ms: 1.471
  type: 'test'
  ...
# Subtest: structured PDF storage errors are preserved by retained local services
ok 264 - structured PDF storage errors are preserved by retained local services
  ---
  duration_ms: 0.7444
  type: 'test'
  ...
# Subtest: PDF page error cards use supported constraint sizing
ok 265 - PDF page error cards use supported constraint sizing
  ---
  duration_ms: 0.706
  type: 'test'
  ...
# Subtest: ConnectivityPolicy allows mutation only when signed in and online
ok 266 - ConnectivityPolicy allows mutation only when signed in and online
  ---
  duration_ms: 2.1663
  type: 'test'
  ...
# Subtest: every data page shows the offline read-only state and uses the cloud repository
ok 267 - every data page shows the offline read-only state and uses the cloud repository
  ---
  duration_ms: 4.4253
  type: 'test'
  ...
# Subtest: pages never call the old local-first mutation services
ok 268 - pages never call the old local-first mutation services
  ---
  duration_ms: 2.3692
  type: 'test'
  ...
# Subtest: mutation buttons are disabled or guarded when offline or signed out
ok 269 - mutation buttons are disabled or guarded when offline or signed out
  ---
  duration_ms: 4.9336
  type: 'test'
  ...
# Subtest: CloudQuestionRepository exposes the required server-first API
ok 270 - CloudQuestionRepository exposes the required server-first API
  ---
  duration_ms: 1.7203
  type: 'test'
  ...
# Subtest: mutation order is server request then server success then cache update
ok 271 - mutation order is server request then server success then cache update
  ---
  duration_ms: 1.1974
  type: 'test'
  ...
# Subtest: refresh failure preserves the existing cloud cache
ok 272 - refresh failure preserves the existing cloud cache
  ---
  duration_ms: 1.6516
  type: 'test'
  ...
# Subtest: mutation success reflects in cache before the page refreshes
ok 273 - mutation success reflects in cache before the page refreshes
  ---
  duration_ms: 1.666
  type: 'test'
  ...
# Subtest: legacy backfill stays recovery-only and is not wired into production startup
ok 274 - legacy backfill stays recovery-only and is not wired into production startup
  ---
  duration_ms: 3.157
  type: 'test'
  ...
# Subtest: built-in sample imports remain device-only after the outbox cutover
ok 275 - built-in sample imports remain device-only after the outbox cutover
  ---
  duration_ms: 0.9
  type: 'test'
  ...
# Subtest: question bank writes no longer enqueue legacy outbox operations
ok 276 - question bank writes no longer enqueue legacy outbox operations
  ---
  duration_ms: 1.466
  type: 'test'
  ...
# Subtest: wrong question mutations no longer enqueue legacy outbox operations
ok 277 - wrong question mutations no longer enqueue legacy outbox operations
  ---
  duration_ms: 0.5881
  type: 'test'
  ...
# Subtest: online mutations are server-first through CloudQuestionRepository
ok 278 - online mutations are server-first through CloudQuestionRepository
  ---
  duration_ms: 5.195
  type: 'test'
  ...
# Subtest: remote apply never echoes changes into outbox
ok 279 - remote apply never echoes changes into outbox
  ---
  duration_ms: 0.4623
  type: 'test'
  ...
# Subtest: sync payload factory includes text only and excludes device image data
ok 280 - sync payload factory includes text only and excludes device image data
  ---
  duration_ms: 0.4228
  type: 'test'
  ...
# Subtest: database schema version six retains sync identity, outbox and cursor tables
ok 281 - database schema version six retains sync identity, outbox and cursor tables
  ---
  duration_ms: 26.5319
  type: 'test'
  ...
# Subtest: version four migration is transactional and advances only after success
ok 282 - version four migration is transactional and advances only after success
  ---
  duration_ms: 1.5263
  type: 'test'
  ...
# Subtest: sync identity service creates stable server-compatible UUID mappings
ok 283 - sync identity service creates stable server-compatible UUID mappings
  ---
  duration_ms: 1.7615
  type: 'test'
  ...
# Subtest: outbox compacts pending mutations without removing them on sign out
ok 284 - outbox compacts pending mutations without removing them on sign out
  ---
  duration_ms: 1.1585
  type: 'test'
  ...
# Task 6 page contracts passed
# Subtest: entry\\src\\test\\Task6PageContracts.test.cjs
ok 36 - entry\\src\\test\\Task6PageContracts.test.cjs
  ---
  duration_ms: 121.0258
  type: 'test'
  ...
# Task 7 page contracts passed
# Subtest: entry\\src\\test\\Task7PageContracts.test.cjs
ok 37 - entry\\src\\test\\Task7PageContracts.test.cjs
  ---
  duration_ms: 103.4426
  type: 'test'
  ...
# Task 8 page contracts passed
# Subtest: entry\\src\\test\\Task8PageContracts.test.cjs
ok 38 - entry\\src\\test\\Task8PageContracts.test.cjs
  ---
  duration_ms: 166.414
  type: 'test'
  ...
# Task 9 resource contracts passed
# Subtest: entry\\src\\test\\Task9ResourceContracts.test.cjs
ok 39 - entry\\src\\test\\Task9ResourceContracts.test.cjs
  ---
  duration_ms: 146.964
  type: 'test'
  ...
# (node:18196) ExperimentalWarning: stripTypeScriptTypes is an experimental feature and might change at any time
# (Use `node --trace-warnings ...` to show where the warning was created)
# Subtest: primary and selected controls use readable light and dark color pairs
ok 289 - primary and selected controls use readable light and dark color pairs
  ---
  duration_ms: 75.9362
  type: 'test'
  ...
# Subtest: import leads with PDF and keeps JSON format and mutually exclusive handlers
ok 290 - import leads with PDF and keeps JSON format and mutually exclusive handlers
  ---
  duration_ms: 2.7494
  type: 'test'
  ...
# Subtest: JSON format guidance is collapsed by default behind one accessible disclosure
ok 291 - JSON format guidance is collapsed by default behind one accessible disclosure
  ---
  duration_ms: 0.7011
  type: 'test'
  ...
# Subtest: settings group Model with service and expose status outside the scrolling form
ok 292 - settings group Model with service and expose status outside the scrolling form
  ---
  duration_ms: 0.5056
  type: 'test'
  ...
# Subtest: three page shells consume four insets and constrain readable content and touch targets
ok 293 - three page shells consume four insets and constrain readable content and touch targets
  ---
  duration_ms: 3.497
  type: 'test'
  ...
# Subtest: picker clears both filters, restores actual catalog and still selects only the platform id
ok 294 - picker clears both filters, restores actual catalog and still selects only the platform id
  ---
  duration_ms: 24.8943
  type: 'test'
  ...
# Subtest: wrong-question subject filters provide a readable 48vp selected control
ok 295 - wrong-question subject filters provide a readable 48vp selected control
  ---
  duration_ms: 1.7709
  type: 'test'
  ...
# Subtest: shared empty state supports page and embedded layouts without a fixed wrong-page box
ok 296 - shared empty state supports page and embedded layouts without a fixed wrong-page box
  ---
  duration_ms: 0.8011
  type: 'test'
  ...
# Subtest: wrong-question and mine feeds include the live left and right safe-area insets
ok 297 - wrong-question and mine feeds include the live left and right safe-area insets
  ---
  duration_ms: 2.0082
  type: 'test'
  ...
# Subtest: mine separates ordinary settings from the confirmed destructive action
ok 298 - mine separates ordinary settings from the confirmed destructive action
  ---
  duration_ms: 0.7201
  type: 'test'
  ...
# Subtest: account and migration actions meet the 48vp touch-target floor
ok 299 - account and migration actions meet the 48vp touch-target floor
  ---
  duration_ms: 1.3596
  type: 'test'
  ...
# Subtest: wrong and mine own their top titles below the live status-bar inset
ok 300 - wrong and mine own their top titles below the live status-bar inset
  ---
  duration_ms: 1.496
  type: 'test'
  ...
# Subtest: mine merges the learning-center identity into one account sheet
ok 301 - mine merges the learning-center identity into one account sheet
  ---
  duration_ms: 0.7826
  type: 'test'
  ...
# Subtest: mine displays the current hardware name without changing the login exchange boundary
ok 302 - mine displays the current hardware name without changing the login exchange boundary
  ---
  duration_ms: 1.7496
  type: 'test'
  ...
1..302
# tests 302
# suites 0
# pass 301
# fail 1
# cancelled 0
# skipped 0
# todo 0
# duration_ms 1117.6102
