(node:50544) ExperimentalWarning: stripTypeScriptTypes is an experimental feature and might change at any time
(Use `node --trace-warnings ...` to show where the warning was created)
✔ interrupted B credential write cannot relabel its token as metadata account A after restart (58.3438ms)
✔ normal login writes one owner-bound secret and restart refresh and logout retain its owner (16.4464ms)
✔ legacy and malformed secret records fail closed without refresh or logout requests (55.77ms)
✔ metadata B with credential A also fails closed and cached access is not reused (11.4314ms)
Account session contracts passed
✔ G:\code\openHarmony\wrong_question_collection\entry\src\test\AccountSessionContracts.test.cjs (313.4405ms)
(node:44016) ExperimentalWarning: stripTypeScriptTypes is an experimental feature and might change at any time
(Use `node --trace-warnings ...` to show where the warning was created)
✔ explicit failure discard deletes unreferenced evidence once before removing the failure (95.3316ms)
✔ failure discard cleanup failure retains the published failure and evidence for retry (15.7911ms)
✔ manual question transfer publishes one coherent session without deleting transferred evidence (45.6949ms)
✔ manual transfer publication failure leaves the original failure and evidence intact (12.17ms)
✔ discard deduplicates obsolete paths and retains shared question or other failure evidence (32.034ms)
✔ all-crop success deletes the unused whole-page JPEG before publishing the page (8.3836ms)
✔ mixed crop and full-page questions retain the referenced whole-page JPEG (8.9279ms)
✔ successful retries replace every old image only after new questions are stored (26.9239ms)
✔ duplicate old question and failure evidence is deleted once, excluding paths still referenced (9.9631ms)
✔ an old image shared with an unchanged page survives a successful retry (10.4061ms)
✔ failed retry cleans only the new attempt and keeps old questions and evidence (10.9987ms)
✔ unused whole-page cleanup failure fails and cleans the page attempt (7.2312ms)
✔ post-commit old-image cleanup failure preserves new state and surfaces a diagnostic (8.1242ms)
(node:4592) ExperimentalWarning: stripTypeScriptTypes is an experimental feature and might change at any time
(Use `node --trace-warnings ...` to show where the warning was created)
✔ AI recognition settings expose explicit credential controls and both routes (4.3783ms)
✔ AI PDF setup validates durable provider state, account and key before progress (0.9528ms)
✔ AI PDF progress starts once and owns one cancellation cleanup path (1.1734ms)
✔ connection test sends one 1x1 JPEG with normalized form config and releases its request (64.269ms)
✔ connection response validation releases exactly once after extraction and accepts content without questions (16.7785ms)
✔ connection failure preserves stable codes, releases body, and never retries (6.4772ms)
✔ connection invalid config and missing saved credential do not reach adapter or transport (6.3547ms)
✔ connection test accepts a typed key temporarily and zeroes its encoded bytes (13.9225ms)
✔ connection service keeps the entire transport await inside saved credential scope (4.9392ms)
✔ settings load never fetches a key and save/clear erase typed key on success and failure (21.928ms)
✔ settings model discovery uses only the typed key and keeps persistence untouched until save (9.9241ms)
✔ settings tests a typed key before save and blocks mutations/back while the request runs (7.2724ms)
✔ settings maps missing credential, invalid config, invalid responses, and unsafe connection failures locally (36.4782ms)
✔ settings platform row applies addresses without injecting static model recommendations (13.1916ms)
✔ settings onPageShow consumes a picker selection once only after the guard (7.5495ms)
✔ preflight cancellation cleans the selected PDF at every await boundary (31.6714ms)
✔ preflight cancellation retains identity and exposes retry after direct PDF cleanup failure (4.1744ms)
✔ typed non-cancelled run cleanup debt blocks exit and converges through central retry (4.6795ms)
✔ completed import disables cancellation, rechecks account and retries review navigation without rerun (3.8246ms)
✔ post-run account mismatch discards before clearing state and returning to import (3.4764ms)
✔ completed-session abandon retains request and review id until discard retry succeeds (4.6503ms)
✔ credential update barrier persists across restart and ambiguous completion failure (27.4709ms)
✔ HUKS failure after config save blocks old-key dispatch until replacement or clear repairs marker (8.6666ms)
✔ config-only changes and unsaved test forms never reuse an existing key (22.8473ms)
✔ failed marker begin and key clear leave dispatch blocked without updating public configuration (7.398ms)
✔ default coordinator checks persisted config and holds update barrier through credential dispatch (20.6188ms)
✔ source-neutral review isolates providers and renders editable local evidence (1.3225ms)
✔ review retains committed retry state and exposes image retry without draft questions (0.5105ms)
✔ AI adapter durable checkpoint overrides stale draft memory and locks retry/edit policy (15.9273ms)
✔ AI adapter propagates durable account/corruption failures instead of falling back to memory (36.8541ms)
✔ review edits and manual failure conversion persist deep copies with stable evidence UUIDs (8.0241ms)
✔ review serializes save and back and abandons only after explicit draft choice (10.847ms)
✔ review failed retry publishes committed session while hiding arbitrary provider errors (9.8844ms)
✔ failure discard delegates cleanup and blocks duplicate clicks/save/back until it settles (8.8202ms)
✔ review exposes an explicit authoritative-state reload action and gates mutation while uncertain (0.6238ms)
✔ checkpoint/account-switch reconciliation failure locks every mutation and prevents abandonment (6.9748ms)
✔ initial review load failure keeps page ownership until authoritative reload succeeds (6.42ms)
✔ repeated authoritative reload failure remains locked until owner checkpoint reload succeeds (10.4333ms)
✔ committed retry plus authoritative reload failure stays locked until explicit reload (7.4306ms)
✔ committed discard or manual transfer plus reload failure locks until authoritative reload (11.4133ms)
✔ AI provider config storage persists only normalized public configuration (0.499ms)
✔ provider validator accepts local http only for private hosts (3.6473ms)
✔ endpoint guard allows https and private http but never public http (2.5665ms)
✔ OpenAI-compatible adapter sends one page image through chat completions (0.7526ms)
✔ AI transport is bounded, non-redirecting, cancellable and independent (0.8292ms)
✔ PDF encoder releases page pixels before returning network-ready text (1.0809ms)
✔ PDF encoder uses bounded exclusive evidence and crop files with narrow cleanup ownership (1.0954ms)
✔ PDF encoder defers close through active operation leases and preserves late failures (0.7245ms)
✔ PDF encoder isolates retry artifacts by exact logical session and attempt ownership (0.5643ms)
✔ PDF encoder deletes only an explicit cache-root session-owned evidence file (0.3733ms)
✔ AI coordinator owns one sequential local-only page pipeline (0.4534ms)
✔ AI coordinator keeps cancellation and request cleanup generation safe (0.3707ms)
✔ AI coordinator retry is page-bounded, atomic and shares processPage (0.5032ms)
✔ AI coordinator cleans only failed attempt artifacts and retains successful namespaces (0.5994ms)
✔ AI coordinator retains initial page evidence but fully cleans failed retries (0.5607ms)
✔ AI coordinator surfaces cleanup failure while retaining the primary error code (0.4032ms)
✔ coordinator exposes cleanup debt only while the final exact cleanup still fails (3.7153ms)
✔ AI coordinator guards credential-delayed transport dispatch by identity and generation (0.4893ms)
✔ AI coordinator commits retry before narrowly deleting superseded failure evidence (0.4847ms)
✔ AI coordinator discard always attempts both cleanups and retains first failure (0.6192ms)
✔ default PDF cleanup remembers successful exact paths across discard retries (1.6363ms)
✔ discard retry converges after image, PDF, or combined partial failure (4.5802ms)
✔ AI review keeps an image even when bbox is unusable (0.8034ms)
✔ unusable bbox skips cropping and keeps whole-page evidence as the question image (7.2862ms)
✔ usable bbox crops per question and discards the unused whole-page evidence (6.0452ms)
✔ automated tests use fakes and cannot call an external provider (2.3805ms)
✔ test-only network helpers reject real provider URLs and production network APIs (2.0933ms)
✔ provider config store keeps catalog platform ids and tolerates unknown ids (0.3478ms)
✔ provider config store preserves catalog and unknown provider ids at runtime (11.5588ms)
✔ platform picker page is registered once and reachable from the settings page (0.7067ms)
(node:42404) ExperimentalWarning: stripTypeScriptTypes is an experimental feature and might change at any time
(Use `node --trace-warnings ...` to show where the warning was created)
✔ public save can repeat with the same supplied session after cleanup without IO replay (126.063ms)
✔ two queued stale DRAFT public saves execute exactly one complete lifecycle (18.62ms)
✔ COMPLETE without durable or memory state is sanitized without another cleanup (17.3148ms)
✔ draft abandon prefix-cleans unreferenced failed-attempt debt before releasing ownership (27.2803ms)
✔ COMPLETE save prefix-cleans post-commit superseded debt before checkpoint release (16.4476ms)
✔ save prefix cleanup failure preserves checkpoint memory and PDF for terminal retry (31.8616ms)
✔ abandon prefix cleanup failure preserves draft memory and PDF for terminal retry (14.6858ms)
✔ COMPLETE save retries after PDF deletion and a post-cleanup account failure (14.6096ms)
✔ abandon retries after PDF deletion and a post-cleanup checkpoint failure (13.3237ms)
✔ completed memory rejects another active account and incompatible caller ownership (15.3564ms)
✔ an unrelated session progresses while the first public save is blocked (11.8642ms)
✔ a mismatched durable session id is rejected before cleanup or publication (11.5088ms)
✔ a terminal caller without memory still requires its owning account (14.6373ms)
✔ AI settings never decrypt or redisplay a saved key and clear typed state on every operation (5.0023ms)
✔ connection test uses saved credential scope and releases temporary body and response (0.7331ms)
✔ production AI retry and credential dispatch require persisted usable config (1.0085ms)
✔ credential storage uses HUKS AES-256-GCM and a versioned envelope (0.7897ms)
✔ credential preferences are excluded from device backup (1.1381ms)
✔ credential operations use one atomic record and detect corruption before HUKS decrypt (0.7673ms)
✔ AI network errors expose only local stable messages (0.4099ms)
✔ AI credentials reject empty and header-control values before Authorization construction (1.287ms)
✔ AI coordinator does not retain credentials, provider bodies or response text (0.8079ms)
✔ AI save payload excludes provider and local-only data (1.0266ms)
✔ AI image preparation verifies ownership and cleans only newly copied finals on failure (0.8523ms)
✔ AI session cache cleanup accepts exact legacy and attempt names using tilde ownership (0.6783ms)
✔ AI terminal cleanup performs the strict encoder session sweep before releasing ownership (0.9253ms)
✔ AI image copy cleans partial and newly committed files after late failures (0.6378ms)
✔ AI save freezes a durable checkpoint before any text write and checks the account first (0.9666ms)
✔ AI image persistence is serialized and retains finals for an ambiguous DB outcome (3.5121ms)
✔ AI abandon rejects every durable or in-progress text stage (0.587ms)
✔ raw durable loads stay unpublished until identifiers and account ownership pass (10.4147ms)
✔ AI save lifecycle uses removable keyed session tails (0.7781ms)
✔ durable checkpoint index drives foreground recovery and safe staged PDF deletion (1.407ms)
✔ COMPLETE access cleanup removal and publication remain account owned (0.6816ms)
✔ image preflight is non-mutating and precedes durable and remote text writes (1.2142ms)
✔ stale pending pruning repairs only durable index state (1.6774ms)
✔ durable IO cannot publish or delete memory before lifecycle account revalidation (1.1505ms)
✔ default checkpoint mutations and cache cleanup pin the owning account for all awaits (0.7884ms)
✔ AI modules have no logging, OCR fallback, or business import endpoint (5.4667ms)
✔ Authorization ownership scan catches lowercase leaks and normalizes Windows paths (1.4992ms)
✔ sync writer cannot see provider configuration, credentials, PDF, or image bytes (1.0714ms)
✔ transport delegates its endpoint scheme guard to the shared private-host predicate (0.4456ms)
(node:34852) ExperimentalWarning: stripTypeScriptTypes is an experimental feature and might change at any time
(Use `node --trace-warnings ...` to show where the warning was created)
✔ settings removes static recommendations and fetches after API key completion (2.6233ms)
✔ model list parser accepts the OpenAI envelope, deduplicates ids and rejects malformed payloads (102.7264ms)
✔ typed key model fetch stays bounded, uses one GET endpoint and zeroes credential bytes (7.3703ms)
✔ transport owns authenticated model GET with the same endpoint and response bounds (0.8934ms)
API 24 configuration contracts passed
✔ G:\code\openHarmony\wrong_question_collection\entry\src\test\Api24ConfigurationContracts.test.cjs (303.1098ms)
API 24 HdsTabs contracts passed
✔ G:\code\openHarmony\wrong_question_collection\entry\src\test\Api24HdsTabsContracts.test.cjs (394.311ms)
API client contracts passed
✔ G:\code\openHarmony\wrong_question_collection\entry\src\test\ApiClientContracts.test.cjs (318.5504ms)
Auth session contracts passed
✔ G:\code\openHarmony\wrong_question_collection\entry\src\test\AuthSessionContracts.test.cjs (315.1866ms)
✔ schema version six adds every account-scoped cache table (2.2012ms)
✔ version five migration only creates cache tables and indexes (0.8376ms)
✔ legacy tables and outbox remain intact while device OCR services are retired (0.8442ms)
✔ cache models are strict ArkTS classes with server UUID ownership (0.7373ms)
✔ replacePage atomically replaces account text and rejects stale cursors (0.8576ms)
✔ all cloud cache reads require account ID (0.7015ms)
✔ device image mappings require matching account and question ownership (0.574ms)
✔ logout removes only current account text cache and retains device images (1.5886ms)
✔ AI import can persist validated stable bank and question UUIDs (1.748ms)
✔ AI bank batches stay pinned to one expected account across every response (0.8768ms)
✔ sign out is gated before joining the serialized account mutation lane (0.8782ms)
✔ AI bank cache apply is scoped under the serialized expected-account lane (3.5578ms)
✔ device images validate a complete batch before one immediate transaction (0.591ms)
✔ production code no longer references device OCR services or recognizeText (4.568ms)
✔ QuestionBankService no longer produces legacy outbox writes (0.6177ms)
✔ WrongQuestionService no longer produces legacy outbox writes (0.4141ms)
✔ normal business write paths go through CloudQuestionRepository (1.8028ms)
✔ rollback cloud pages remain intact but the formal PDF flow is client AI only (2.4755ms)
✔ formal entry prohibitions are scoped to the AI flow and leave rollback files available (1.5657ms)
✔ AppBootstrap integrates LegacyCloudMigrationService without legacy backfill (0.4006ms)
✔ legacy migration gate blocks retirement until all three conditions hold (0.7375ms)
✔ legacy v5 schema and sync_outbox remain for recovery (0.3952ms)
✔ no destructive legacy cleanup exists in production startup or sync paths (1.5395ms)
✖ server directory has zero uncommitted changes (104.2588ms)
Cloud import API contracts passed
✔ G:\code\openHarmony\wrong_question_collection\entry\src\test\CloudImportApiContracts.test.cjs (280.754ms)
(node:46440) ExperimentalWarning: stripTypeScriptTypes is an experimental feature and might change at any time
(Use `node --trace-warnings ...` to show where the warning was created)
✔ setup performs signed-in online PDF preflight and creates a cloud job (1.7398ms)
✔ progress resumes upload and polls cloud jobs with bounded backoff (1.5798ms)
✔ inactive progress page stops polling without cancelling the server job (1.0514ms)
✔ cloud import status card exposes unified progress error and retry state (0.3604ms)
✔ review reads and edits the server draft before confirmation (0.7331ms)
✔ review downloads verified artifacts before acknowledging only stored IDs (3.288ms)
✔ review keeps confirmed text when an artifact has expired (1.3685ms)
✔ explicit Cloud abandonment removes only its exact staged PDF before clearing state (1.0443ms)
✔ Cloud adapter preserves nullable protocol fields and makes independent round-trip copies (93.5239ms)
✔ Cloud adapter resumes confirmed text with verified IDs and preserves account/ACK ordering (14.1855ms)
✔ PDF import state retains cloud job metadata progress and review state (0.5025ms)
✔ import bank stages an AI PDF selection and opens only the AI setup page (2.0802ms)
✔ SyncPayloadData mirrors the server contract and allows explicit null optionals (2.2237ms)
✔ applyQuestion normalizes null question payloads into strict cache values (1.1773ms)
✔ applyBank and applyWrongQuestion normalize null optionals as well (2.9812ms)
✔ legacy remote applier is null-safe so it still compiles against the aligned model (0.7735ms)
✔ only real network failures mark pages offline; other refresh errors show sync failure (2.0705ms)
✔ cloud sync stays local when signed out and serializes concurrent requests (1.2148ms)
✔ signed-in sync refreshes the server-first cache and retires the legacy outbox drain (0.4804ms)
✔ legacy outbox and remote applier remain intact as recovery-only services (0.4524ms)
Dark mode contracts passed
✔ G:\code\openHarmony\wrong_question_collection\entry\src\test\DarkModeContracts.test.cjs (287.1995ms)
✔ renders the complete developer section only behind BuildProfile.DEBUG (1.664ms)
✔ checks login, reuses accessToken refresh, and reports every result (0.4675ms)
✔ never exposes or persists either token from the Mine-page feature (1.1515ms)
EasyGo parallel view contracts passed
✔ G:\code\openHarmony\wrong_question_collection\entry\src\test\EasyGoContracts.test.cjs (297.4238ms)
Editorial UI contracts passed
✔ G:\code\openHarmony\wrong_question_collection\entry\src\test\EditorialUiContracts.test.cjs (247.9338ms)
Home dashboard contracts passed
✔ G:\code\openHarmony\wrong_question_collection\entry\src\test\HomeDashboardContracts.test.cjs (271.0111ms)
Home page contracts passed
✔ G:\code\openHarmony\wrong_question_collection\entry\src\test\HomePageContracts.test.cjs (258.9815ms)
✔ home keeps one import entry and names every shortcut for its real destination (1.8027ms)
✔ recent summaries expose one list-level action and rows no longer pretend to deep-link (0.649ms)
✔ home shortcuts and primary review meet touch size and large-text layout contracts (1.5472ms)
✔ HdsTabs action-slot mapping and guarded navigation remain intact (0.475ms)
Huawei login contracts passed
✔ G:\code\openHarmony\wrong_question_collection\entry\src\test\HuaweiLoginContracts.test.cjs (250.1743ms)
✔ migration model covers the five stages with strict ArkTS types (3.201ms)
✔ MigrationPolicy binds accounts and retires only on all three conditions (1.3598ms)
✔ text normalization is deterministic, UUID ordered, and server-trim aware (0.3942ms)
✔ migration state lives outside sync_outbox and never writes it (0.4123ms)
✔ legacy scan excludes sample data and reads stable identities (0.6274ms)
✔ upload reuses the server sync API with stable UUIDs in bounded batches (1.0072ms)
✔ server ACK is required before the verifying stage (1.4207ms)
✔ verification pulls the authoritative snapshot and fails on count mismatch (1.7337ms)
✔ SHA-256 digest mismatch blocks cacheVerified and completion (0.6063ms)
✔ cloud cache is written only after every bank verified (0.5433ms)
✔ completion requires all three conditions and never deletes legacy data (0.7324ms)
✔ image rebinding keeps device images private and preserves the originals (0.8887ms)
✔ failure states allow retry and resume from acknowledged banks (0.7066ms)
✔ legacy OCR and PDF fallback services are retired and unreferenced by migration (0.6102ms)
✔ bootstrap restores migration state without auto claiming an account (0.7394ms)
✔ migration card shows all five states, counts, and a retry action (0.463ms)
✔ mine page requires login and explicit confirmation before migrating (0.4304ms)
Main navigation contracts passed
✔ G:\code\openHarmony\wrong_question_collection\entry\src\test\MainNavigationContracts.test.cjs (212.9508ms)
Math content contracts passed
✔ G:\code\openHarmony\wrong_question_collection\entry\src\test\MathContentContracts.test.cjs (246.1109ms)
Native navigation contracts passed
✔ G:\code\openHarmony\wrong_question_collection\entry\src\test\NativeNavigationContracts.test.cjs (233.9411ms)
Network security contracts passed
✔ G:\code\openHarmony\wrong_question_collection\entry\src\test\NetworkSecurityContracts.test.cjs (213.9546ms)
(node:38932) ExperimentalWarning: stripTypeScriptTypes is an experimental feature and might change at any time
(Use `node --trace-warnings ...` to show where the warning was created)
✔ current schema contains question image storage and durable cleanup debt (1.613ms)
✔ version one migration probes columns and conditionally repairs partial migrations (1.3282ms)
✔ import persistence snapshots inputs before awaiting and separates commit from object mutation (1.1557ms)
✔ question image reads are ordered, mapped, and closed in method scope (0.6771ms)
✔ update and delete methods keep their exact storage boundaries (1.9971ms)
✔ pdf selection stages one validated file through bounded streaming io (1.1179ms)
✔ temporary pdf cleanup requires exact staged ownership and unregisters only after safe outcomes (0.7625ms)
✔ pdf selection serializes picker work and removes only direct unregistered stale cache files (1.0375ms)
✔ question crop converts coordinates directly and owns every file and image resource (1.3536ms)
✔ PDF import device pipeline stays offline even with app-level INTERNET permission (0.6289ms)
✔ device OCR and PDF coordinator services are retired after the cloud cutover (0.7025ms)
✔ PDF import routes keep rollback pages and register the formal AI flow (0.5027ms)
✔ formal PDF selection enters only the client AI setup (0.3144ms)
✔ formal AI PDF entry has no Cloud, OCR, endpoint, or fallback path (0.6584ms)
✔ formal PDF selection preserves exactly one reachable owner across replacement and route failures (55.4265ms)
✔ PDF setup validates cloud metadata and page range before progress routing (1.6475ms)
✔ resource route registry contains each AI page exactly once (0.4887ms)
✔ import entry serializes JSON and AI PDF selection, blocks back, and grows errors (0.541ms)
✔ question image cleanup debt is idempotent and retry retains only failed paths (0.7347ms)
✔ temporary PDF abandonment moves only exact active ownership to retryable orphan storage (1.6338ms)
✔ failed candidate deletion atomically transfers exact ownership to orphan cleanup (0.5697ms)
✔ saveCrop registers only an owned temporary residue when immediate cleanup fails (1.0086ms)
✔ question image debt retry shares one transition and recovers strict direct cache files after restart (0.7687ms)
✔ PDF stale cleanup isolates per-file failures so picker construction remains reachable (0.8304ms)
✔ savePdfBank keeps bank questions and images in one transaction without changing JSON import API (1.2365ms)
✔ committed PDF image rollback is path-owned idempotent and reports recoverable cleanup state (1.1384ms)
✔ partial image commit rollback failure preserves structured recoverable ownership (1.293ms)
✔ uncertain PDF bank save exports exact three-state verification (1.134ms)
✔ saved question source images render only when present and use stable image identifiers (0.9016ms)
✔ question detail reloads on page show, renders source before question content, and opens editing for selected question (1.2675ms)
✔ question list cards show pending review only for questions that need review (2.7038ms)
✔ saved question editor clones all editable fields but preserves source image ownership (1.6915ms)
✔ bank deletion is server-first and refreshes the cache only after server success (1.1584ms)
✔ question list reloads the active query on page show and lazily renders a fully notified data source (1.7916ms)
✔ list and search queries do not serially hydrate source images while detail still does (0.6362ms)
✔ bank deletion durably records exact image debt inside the same transaction before deleting rows (0.3895ms)
✔ cleanup retry merges exact durable debt, protects live references, and clears debt only after safe cleanup (0.6859ms)
✔ direct image deletion clears durable debt after safe absence or unlink and retries empty bank directory cleanup (0.9696ms)
✔ PDF import manifest allows INTERNET but device pipeline contains no network client (0.8662ms)
✔ temporary PDF deletion is an idempotent direct-child operation under its registered cache root (0.5525ms)
✔ read-only temporary PDF absence proof accepts only a missing strict direct child (25.7289ms)
✔ temporary PDF absence proof rejects malformed and cross-root paths without deletion (14.434ms)
✔ temporary PDF absence proof is read-only and validates path then cache then lstat absence (0.2932ms)
✔ question image deletion accepts only exact service cache files or exact bank image hierarchy (0.4428ms)
✔ unknown or malformed PDF ownership throws and only strict registered staged files can be abandoned (0.4902ms)
✔ current schema durably records exact rollback mappings and retry restores mappings without committed scans (0.5639ms)
✔ structured PDF storage errors are preserved by retained local services (0.3054ms)
✔ PDF page error cards use supported constraint sizing (0.3455ms)
✔ ConnectivityPolicy allows mutation only when signed in and online (1.4592ms)
✔ every data page shows the offline read-only state and uses the cloud repository (2.0349ms)
✔ pages never call the old local-first mutation services (1.7136ms)
✔ mutation buttons are disabled or guarded when offline or signed out (2.3024ms)
✔ CloudQuestionRepository exposes the required server-first API (0.6021ms)
✔ mutation order is server request then server success then cache update (0.59ms)
✔ refresh failure preserves the existing cloud cache (0.3996ms)
✔ mutation success reflects in cache before the page refreshes (0.3229ms)
✔ legacy backfill stays recovery-only and is not wired into production startup (1.8405ms)
✔ built-in sample imports remain device-only after the outbox cutover (0.6423ms)
✔ question bank writes no longer enqueue legacy outbox operations (1.6528ms)
✔ wrong question mutations no longer enqueue legacy outbox operations (0.4914ms)
✔ online mutations are server-first through CloudQuestionRepository (1.2622ms)
✔ remote apply never echoes changes into outbox (0.3621ms)
✔ sync payload factory includes text only and excludes device image data (0.2713ms)
✔ database schema version six retains sync identity, outbox and cursor tables (1.4521ms)
✔ version four migration is transactional and advances only after success (0.5092ms)
✔ sync identity service creates stable server-compatible UUID mappings (0.2235ms)
✔ outbox compacts pending mutations without removing them on sign out (0.5197ms)
Task 6 page contracts passed
✔ G:\code\openHarmony\wrong_question_collection\entry\src\test\Task6PageContracts.test.cjs (118.8387ms)
Task 7 page contracts passed
✔ G:\code\openHarmony\wrong_question_collection\entry\src\test\Task7PageContracts.test.cjs (104.0662ms)
Task 8 page contracts passed
✔ G:\code\openHarmony\wrong_question_collection\entry\src\test\Task8PageContracts.test.cjs (95.6429ms)
Task 9 resource contracts passed
✔ G:\code\openHarmony\wrong_question_collection\entry\src\test\Task9ResourceContracts.test.cjs (102.6436ms)
(node:49776) ExperimentalWarning: stripTypeScriptTypes is an experimental feature and might change at any time
(Use `node --trace-warnings ...` to show where the warning was created)
✔ primary and selected controls use readable light and dark color pairs (36.508ms)
✔ import leads with PDF and keeps JSON format and mutually exclusive handlers (0.8961ms)
✔ JSON format guidance is collapsed by default behind one accessible disclosure (0.3859ms)
✔ settings group Model with service and expose status outside the scrolling form (0.2988ms)
✔ three page shells consume four insets and constrain readable content and touch targets (1.9413ms)
✔ picker clears both filters, restores actual catalog and still selects only the platform id (13.801ms)
✔ AI PDF setup presents one responsive configuration flow with persistent feedback and actions (0.5948ms)
✔ AI PDF progress presents a focused responsive stage with persistent recovery actions (0.7166ms)
✔ short AI PDF setup content starts at the top of the available pane (0.5018ms)
✔ AI PDF progress keeps the tablet task and recovery actions in one focused workspace (0.6988ms)
✔ AI PDF progress applies safe areas to the navigation shell so its title clears the status bar (0.5528ms)
✔ PDF review uses native navigation and responsive evidence editing with one recovery path (0.5626ms)
✔ PDF review applies safe areas to the navigation shell so its title clears the status bar (0.6476ms)
✔ PDF review keeps failed pages compact and separates them from recognized questions (0.423ms)
✔ wrong-question subject filters provide a readable 48vp selected control (1.7182ms)
✔ shared empty state supports page and embedded layouts without a fixed wrong-page box (0.5902ms)
✔ wrong-question and mine feeds include the live left and right safe-area insets (1.0313ms)
✔ mine separates ordinary settings from the confirmed destructive action (0.5757ms)
✔ account and migration actions meet the 48vp touch-target floor (0.6141ms)
✔ wrong and mine own their top titles below the live status-bar inset (0.8731ms)
✔ mine merges the learning-center identity into one account sheet (0.479ms)
✔ mine displays the current hardware name without changing the login exchange boundary (0.8095ms)
ℹ tests 310
ℹ suites 0
ℹ pass 309
ℹ fail 1
ℹ cancelled 0
ℹ skipped 0
ℹ todo 0
ℹ duration_ms 1011.2095

✖ failing tests:

test at entry\src\test\CloudCutoverContracts.test.cjs:196:1
✖ server directory has zero uncommitted changes (104.2588ms)
  AssertionError [ERR_ASSERTION]: server/ must remain untouched by the cutover task
  + actual - expected
  
  + 'M server/package.json\n' +
  +   ' M server/worker/pdf_pipeline.py\n' +
  +   ' M server/worker/question_parser.py\n' +
  +   ' M server/worker/tests/test_pdf_pipeline.py\n' +
  +   ' M server/worker/tests/test_question_parser.py\n' +
  +   '?? server/.codex-worker-test-4/\n' +
  +   '?? server/.pytest-ai-import-audit/\n' +
  +   '?? server/scripts/math-pdf-import-e2e.cjs\n' +
  +   '?? server/scripts/tests/\n' +
  +   '?? server/worker/layout_debug.py\n' +
  +   '?? server/worker/math_layout.py\n' +
  +   '?? server/worker/tests/test_layout_debug.py\n' +
  +   '?? server/worker/text_layer.py'
  - ''
  
      at TestContext.<anonymous> (G:\code\openHarmony\wrong_question_collection\entry\src\test\CloudCutoverContracts.test.cjs:217:10)
      at Test.runInAsyncScope (node:async_hooks:227:14)
      at Test.run (node:internal/test_runner/test:1382:25)
      at Test.processPendingSubtests (node:internal/test_runner/test:960:18)
      at Test.postRun (node:internal/test_runner/test:1522:19)
      at Test.run (node:internal/test_runner/test:1447:12)
      at async Test.processPendingSubtests (node:internal/test_runner/test:960:7) {
    generatedMessage: false,
    code: 'ERR_ASSERTION',
    actual: 'M server/package.json\n M server/worker/pdf_pipeline.py\n M server/worker/question_parser.py\n M server/worker/tests/test_pdf_pipeline.py\n M server/worker/tests/test_question_parser.py\n?? server/.codex-worker-test-4/\n?? server/.pytest-ai-import-audit/\n?? server/scripts/math-pdf-import-e2e.cjs\n?? server/scripts/tests/\n?? server/worker/layout_debug.py\n?? server/worker/math_layout.py\n?? server/worker/tests/test_layout_debug.py\n?? server/worker/text_layer.py',
    expected: '',
    operator: 'strictEqual',
    diff: 'simple'
  }
