TAP version 13
# (node:58840) ExperimentalWarning: stripTypeScriptTypes is an experimental feature and might change at any time
# (Use `node --trace-warnings ...` to show where the warning was created)
# Subtest: interrupted B credential write cannot relabel its token as metadata account A after restart
ok 1 - interrupted B credential write cannot relabel its token as metadata account A after restart
  ---
  duration_ms: 79.6651
  type: 'test'
  ...
# Subtest: normal login writes one owner-bound secret and restart refresh and logout retain its owner
ok 2 - normal login writes one owner-bound secret and restart refresh and logout retain its owner
  ---
  duration_ms: 17.4947
  type: 'test'
  ...
# Subtest: legacy and malformed secret records fail closed without refresh or logout requests
ok 3 - legacy and malformed secret records fail closed without refresh or logout requests
  ---
  duration_ms: 48.8433
  type: 'test'
  ...
# Subtest: metadata B with credential A also fails closed and cached access is not reused
ok 4 - metadata B with credential A also fails closed and cached access is not reused
  ---
  duration_ms: 6.7003
  type: 'test'
  ...
# Account session contracts passed
# Subtest: entry\\src\\test\\AccountSessionContracts.test.cjs
ok 2 - entry\\src\\test\\AccountSessionContracts.test.cjs
  ---
  duration_ms: 252.2985
  type: 'test'
  ...
# (node:46956) ExperimentalWarning: stripTypeScriptTypes is an experimental feature and might change at any time
# (Use `node --trace-warnings ...` to show where the warning was created)
# Subtest: explicit failure discard deletes unreferenced evidence once before removing the failure
ok 6 - explicit failure discard deletes unreferenced evidence once before removing the failure
  ---
  duration_ms: 118.2294
  type: 'test'
  ...
# Subtest: failure discard cleanup failure retains the published failure and evidence for retry
ok 7 - failure discard cleanup failure retains the published failure and evidence for retry
  ---
  duration_ms: 14.563
  type: 'test'
  ...
# Subtest: manual question transfer publishes one coherent session without deleting transferred evidence
ok 8 - manual question transfer publishes one coherent session without deleting transferred evidence
  ---
  duration_ms: 19.0639
  type: 'test'
  ...
# Subtest: manual transfer publication failure leaves the original failure and evidence intact
ok 9 - manual transfer publication failure leaves the original failure and evidence intact
  ---
  duration_ms: 11.1474
  type: 'test'
  ...
# Subtest: discard deduplicates obsolete paths and retains shared question or other failure evidence
ok 10 - discard deduplicates obsolete paths and retains shared question or other failure evidence
  ---
  duration_ms: 37.5546
  type: 'test'
  ...
# Subtest: all-crop success deletes the unused whole-page JPEG before publishing the page
ok 11 - all-crop success deletes the unused whole-page JPEG before publishing the page
  ---
  duration_ms: 9.206
  type: 'test'
  ...
# Subtest: mixed crop and full-page questions retain the referenced whole-page JPEG
ok 12 - mixed crop and full-page questions retain the referenced whole-page JPEG
  ---
  duration_ms: 8.7302
  type: 'test'
  ...
# Subtest: successful retries replace every old image only after new questions are stored
ok 13 - successful retries replace every old image only after new questions are stored
  ---
  duration_ms: 23.6406
  type: 'test'
  ...
# Subtest: duplicate old question and failure evidence is deleted once, excluding paths still referenced
ok 14 - duplicate old question and failure evidence is deleted once, excluding paths still referenced
  ---
  duration_ms: 8.1703
  type: 'test'
  ...
# Subtest: an old image shared with an unchanged page survives a successful retry
ok 15 - an old image shared with an unchanged page survives a successful retry
  ---
  duration_ms: 10.1377
  type: 'test'
  ...
# Subtest: failed retry cleans only the new attempt and keeps old questions and evidence
ok 16 - failed retry cleans only the new attempt and keeps old questions and evidence
  ---
  duration_ms: 13.8162
  type: 'test'
  ...
# Subtest: unused whole-page cleanup failure fails and cleans the page attempt
ok 17 - unused whole-page cleanup failure fails and cleans the page attempt
  ---
  duration_ms: 6.986
  type: 'test'
  ...
# Subtest: post-commit old-image cleanup failure preserves new state and surfaces a diagnostic
ok 18 - post-commit old-image cleanup failure preserves new state and surfaces a diagnostic
  ---
  duration_ms: 10.7668
  type: 'test'
  ...
# (node:58340) ExperimentalWarning: stripTypeScriptTypes is an experimental feature and might change at any time
# (Use `node --trace-warnings ...` to show where the warning was created)
# Subtest: AI recognition settings expose explicit credential controls and both routes
ok 19 - AI recognition settings expose explicit credential controls and both routes
  ---
  duration_ms: 4.6188
  type: 'test'
  ...
# Subtest: AI PDF setup validates durable provider state, account and key before progress
ok 20 - AI PDF setup validates durable provider state, account and key before progress
  ---
  duration_ms: 0.8401
  type: 'test'
  ...
# Subtest: AI PDF progress starts once and owns one cancellation cleanup path
ok 21 - AI PDF progress starts once and owns one cancellation cleanup path
  ---
  duration_ms: 0.9729
  type: 'test'
  ...
# Subtest: connection test sends one 1x1 JPEG with normalized form config and releases its request
ok 22 - connection test sends one 1x1 JPEG with normalized form config and releases its request
  ---
  duration_ms: 75.9107
  type: 'test'
  ...
# Subtest: connection response validation releases exactly once after extraction and accepts content without questions
ok 23 - connection response validation releases exactly once after extraction and accepts content without questions
  ---
  duration_ms: 9.4069
  type: 'test'
  ...
# Subtest: connection failure preserves stable codes, releases body, and never retries
ok 24 - connection failure preserves stable codes, releases body, and never retries
  ---
  duration_ms: 5.3784
  type: 'test'
  ...
# Subtest: connection invalid config and missing saved credential do not reach adapter or transport
ok 25 - connection invalid config and missing saved credential do not reach adapter or transport
  ---
  duration_ms: 3.8869
  type: 'test'
  ...
# Subtest: connection service keeps the entire transport await inside saved credential scope
ok 26 - connection service keeps the entire transport await inside saved credential scope
  ---
  duration_ms: 7.3665
  type: 'test'
  ...
# Subtest: settings load never fetches a key and save/clear erase typed key on success and failure
ok 27 - settings load never fetches a key and save/clear erase typed key on success and failure
  ---
  duration_ms: 32.6874
  type: 'test'
  ...
# Subtest: settings requires saving a new key and blocks mutations/back while a saved-config test runs
ok 28 - settings requires saving a new key and blocks mutations/back while a saved-config test runs
  ---
  duration_ms: 11.5174
  type: 'test'
  ...
# Subtest: settings maps missing credential, invalid config, invalid responses, and unsafe connection failures locally
ok 29 - settings maps missing credential, invalid config, invalid responses, and unsafe connection failures locally
  ---
  duration_ms: 29.8213
  type: 'test'
  ...
# Subtest: settings platform row applies catalog data without aliasing catalog arrays
ok 30 - settings platform row applies catalog data without aliasing catalog arrays
  ---
  duration_ms: 5.7737
  type: 'test'
  ...
# Subtest: settings onPageShow consumes a picker selection once only after the guard
ok 31 - settings onPageShow consumes a picker selection once only after the guard
  ---
  duration_ms: 10.6996
  type: 'test'
  ...
# Subtest: preflight cancellation cleans the selected PDF at every await boundary
ok 32 - preflight cancellation cleans the selected PDF at every await boundary
  ---
  duration_ms: 30.6911
  type: 'test'
  ...
# Subtest: preflight cancellation retains identity and exposes retry after direct PDF cleanup failure
ok 33 - preflight cancellation retains identity and exposes retry after direct PDF cleanup failure
  ---
  duration_ms: 7.4049
  type: 'test'
  ...
# Subtest: typed non-cancelled run cleanup debt blocks exit and converges through central retry
ok 34 - typed non-cancelled run cleanup debt blocks exit and converges through central retry
  ---
  duration_ms: 4.602
  type: 'test'
  ...
# Subtest: completed import disables cancellation, rechecks account and retries review navigation without rerun
ok 35 - completed import disables cancellation, rechecks account and retries review navigation without rerun
  ---
  duration_ms: 4.1707
  type: 'test'
  ...
# Subtest: post-run account mismatch discards before clearing state and returning to import
ok 36 - post-run account mismatch discards before clearing state and returning to import
  ---
  duration_ms: 4.3936
  type: 'test'
  ...
# Subtest: completed-session abandon retains request and review id until discard retry succeeds
ok 37 - completed-session abandon retains request and review id until discard retry succeeds
  ---
  duration_ms: 4.0082
  type: 'test'
  ...
# Subtest: credential update barrier persists across restart and ambiguous completion failure
ok 38 - credential update barrier persists across restart and ambiguous completion failure
  ---
  duration_ms: 35.8009
  type: 'test'
  ...
# Subtest: HUKS failure after config save blocks old-key dispatch until replacement or clear repairs marker
ok 39 - HUKS failure after config save blocks old-key dispatch until replacement or clear repairs marker
  ---
  duration_ms: 13.5675
  type: 'test'
  ...
# Subtest: config-only changes and unsaved test forms never reuse an existing key
ok 40 - config-only changes and unsaved test forms never reuse an existing key
  ---
  duration_ms: 28.6237
  type: 'test'
  ...
# Subtest: failed marker begin and key clear leave dispatch blocked without updating public configuration
ok 41 - failed marker begin and key clear leave dispatch blocked without updating public configuration
  ---
  duration_ms: 14.7197
  type: 'test'
  ...
# Subtest: default coordinator checks persisted config and holds update barrier through credential dispatch
ok 42 - default coordinator checks persisted config and holds update barrier through credential dispatch
  ---
  duration_ms: 33.7951
  type: 'test'
  ...
# Subtest: source-neutral review isolates providers and renders editable local evidence
ok 43 - source-neutral review isolates providers and renders editable local evidence
  ---
  duration_ms: 1.3344
  type: 'test'
  ...
# Subtest: review retains committed retry state and exposes image retry without draft questions
ok 44 - review retains committed retry state and exposes image retry without draft questions
  ---
  duration_ms: 0.6044
  type: 'test'
  ...
# Subtest: AI adapter durable checkpoint overrides stale draft memory and locks retry/edit policy
ok 45 - AI adapter durable checkpoint overrides stale draft memory and locks retry/edit policy
  ---
  duration_ms: 14.7262
  type: 'test'
  ...
# Subtest: AI adapter propagates durable account/corruption failures instead of falling back to memory
ok 46 - AI adapter propagates durable account/corruption failures instead of falling back to memory
  ---
  duration_ms: 35.9817
  type: 'test'
  ...
# Subtest: review edits and manual failure conversion persist deep copies with stable evidence UUIDs
ok 47 - review edits and manual failure conversion persist deep copies with stable evidence UUIDs
  ---
  duration_ms: 7.72
  type: 'test'
  ...
# Subtest: review serializes save and back and abandons only after explicit draft choice
ok 48 - review serializes save and back and abandons only after explicit draft choice
  ---
  duration_ms: 27.5229
  type: 'test'
  ...
# Subtest: review failed retry publishes committed session while hiding arbitrary provider errors
ok 49 - review failed retry publishes committed session while hiding arbitrary provider errors
  ---
  duration_ms: 10.6666
  type: 'test'
  ...
# Subtest: failure discard delegates cleanup and blocks duplicate clicks/save/back until it settles
ok 50 - failure discard delegates cleanup and blocks duplicate clicks/save/back until it settles
  ---
  duration_ms: 5.5981
  type: 'test'
  ...
# Subtest: review exposes an explicit authoritative-state reload action and gates mutation while uncertain
ok 51 - review exposes an explicit authoritative-state reload action and gates mutation while uncertain
  ---
  duration_ms: 0.5739
  type: 'test'
  ...
# Subtest: checkpoint/account-switch reconciliation failure locks every mutation and prevents abandonment
ok 52 - checkpoint/account-switch reconciliation failure locks every mutation and prevents abandonment
  ---
  duration_ms: 6.7213
  type: 'test'
  ...
# Subtest: initial review load failure keeps page ownership until authoritative reload succeeds
ok 53 - initial review load failure keeps page ownership until authoritative reload succeeds
  ---
  duration_ms: 15.3455
  type: 'test'
  ...
# Subtest: repeated authoritative reload failure remains locked until owner checkpoint reload succeeds
ok 54 - repeated authoritative reload failure remains locked until owner checkpoint reload succeeds
  ---
  duration_ms: 18.7747
  type: 'test'
  ...
# Subtest: committed retry plus authoritative reload failure stays locked until explicit reload
ok 55 - committed retry plus authoritative reload failure stays locked until explicit reload
  ---
  duration_ms: 7.7788
  type: 'test'
  ...
# Subtest: committed discard or manual transfer plus reload failure locks until authoritative reload
ok 56 - committed discard or manual transfer plus reload failure locks until authoritative reload
  ---
  duration_ms: 25.9096
  type: 'test'
  ...
# Subtest: AI provider config storage persists only normalized public configuration
ok 57 - AI provider config storage persists only normalized public configuration
  ---
  duration_ms: 4.9003
  type: 'test'
  ...
# Subtest: provider validator accepts local http only for private hosts
ok 58 - provider validator accepts local http only for private hosts
  ---
  duration_ms: 5.9959
  type: 'test'
  ...
# Subtest: endpoint guard allows https and private http but never public http
ok 59 - endpoint guard allows https and private http but never public http
  ---
  duration_ms: 3.9125
  type: 'test'
  ...
# Subtest: OpenAI-compatible adapter sends one page image through chat completions
ok 60 - OpenAI-compatible adapter sends one page image through chat completions
  ---
  duration_ms: 0.6209
  type: 'test'
  ...
# Subtest: AI transport is bounded, non-redirecting, cancellable and independent
ok 61 - AI transport is bounded, non-redirecting, cancellable and independent
  ---
  duration_ms: 4.4115
  type: 'test'
  ...
# Subtest: PDF encoder releases page pixels before returning network-ready text
ok 62 - PDF encoder releases page pixels before returning network-ready text
  ---
  duration_ms: 1.1364
  type: 'test'
  ...
# Subtest: PDF encoder uses bounded exclusive evidence and crop files with narrow cleanup ownership
ok 63 - PDF encoder uses bounded exclusive evidence and crop files with narrow cleanup ownership
  ---
  duration_ms: 1.1574
  type: 'test'
  ...
# Subtest: PDF encoder defers close through active operation leases and preserves late failures
ok 64 - PDF encoder defers close through active operation leases and preserves late failures
  ---
  duration_ms: 0.8656
  type: 'test'
  ...
# Subtest: PDF encoder isolates retry artifacts by exact logical session and attempt ownership
ok 65 - PDF encoder isolates retry artifacts by exact logical session and attempt ownership
  ---
  duration_ms: 0.8069
  type: 'test'
  ...
# Subtest: PDF encoder deletes only an explicit cache-root session-owned evidence file
ok 66 - PDF encoder deletes only an explicit cache-root session-owned evidence file
  ---
  duration_ms: 0.6604
  type: 'test'
  ...
# Subtest: AI coordinator owns one sequential local-only page pipeline
ok 67 - AI coordinator owns one sequential local-only page pipeline
  ---
  duration_ms: 0.5952
  type: 'test'
  ...
# Subtest: AI coordinator keeps cancellation and request cleanup generation safe
ok 68 - AI coordinator keeps cancellation and request cleanup generation safe
  ---
  duration_ms: 0.5033
  type: 'test'
  ...
# Subtest: AI coordinator retry is page-bounded, atomic and shares processPage
ok 69 - AI coordinator retry is page-bounded, atomic and shares processPage
  ---
  duration_ms: 0.4774
  type: 'test'
  ...
# Subtest: AI coordinator cleans only failed attempt artifacts and retains successful namespaces
ok 70 - AI coordinator cleans only failed attempt artifacts and retains successful namespaces
  ---
  duration_ms: 0.4555
  type: 'test'
  ...
# Subtest: AI coordinator retains initial page evidence but fully cleans failed retries
ok 71 - AI coordinator retains initial page evidence but fully cleans failed retries
  ---
  duration_ms: 0.5012
  type: 'test'
  ...
# Subtest: AI coordinator surfaces cleanup failure while retaining the primary error code
ok 72 - AI coordinator surfaces cleanup failure while retaining the primary error code
  ---
  duration_ms: 0.5203
  type: 'test'
  ...
# Subtest: coordinator exposes cleanup debt only while the final exact cleanup still fails
ok 73 - coordinator exposes cleanup debt only while the final exact cleanup still fails
  ---
  duration_ms: 4.3177
  type: 'test'
  ...
# Subtest: AI coordinator guards credential-delayed transport dispatch by identity and generation
ok 74 - AI coordinator guards credential-delayed transport dispatch by identity and generation
  ---
  duration_ms: 0.5179
  type: 'test'
  ...
# Subtest: AI coordinator commits retry before narrowly deleting superseded failure evidence
ok 75 - AI coordinator commits retry before narrowly deleting superseded failure evidence
  ---
  duration_ms: 0.3483
  type: 'test'
  ...
# Subtest: AI coordinator discard always attempts both cleanups and retains first failure
ok 76 - AI coordinator discard always attempts both cleanups and retains first failure
  ---
  duration_ms: 0.4008
  type: 'test'
  ...
# Subtest: default PDF cleanup remembers successful exact paths across discard retries
ok 77 - default PDF cleanup remembers successful exact paths across discard retries
  ---
  duration_ms: 2.2772
  type: 'test'
  ...
# Subtest: discard retry converges after image, PDF, or combined partial failure
ok 78 - discard retry converges after image, PDF, or combined partial failure
  ---
  duration_ms: 5.7262
  type: 'test'
  ...
# Subtest: AI review keeps an image even when bbox is unusable
ok 79 - AI review keeps an image even when bbox is unusable
  ---
  duration_ms: 1.2089
  type: 'test'
  ...
# Subtest: unusable bbox skips cropping and keeps whole-page evidence as the question image
ok 80 - unusable bbox skips cropping and keeps whole-page evidence as the question image
  ---
  duration_ms: 6.9192
  type: 'test'
  ...
# Subtest: usable bbox crops per question and discards the unused whole-page evidence
ok 81 - usable bbox crops per question and discards the unused whole-page evidence
  ---
  duration_ms: 11.1524
  type: 'test'
  ...
# Subtest: automated tests use fakes and cannot call an external provider
ok 82 - automated tests use fakes and cannot call an external provider
  ---
  duration_ms: 2.2002
  type: 'test'
  ...
# Subtest: test-only network helpers reject real provider URLs and production network APIs
ok 83 - test-only network helpers reject real provider URLs and production network APIs
  ---
  duration_ms: 4.5525
  type: 'test'
  ...
# Subtest: provider config store keeps catalog platform ids and tolerates unknown ids
ok 84 - provider config store keeps catalog platform ids and tolerates unknown ids
  ---
  duration_ms: 0.2832
  type: 'test'
  ...
# Subtest: provider config store preserves catalog and unknown provider ids at runtime
ok 85 - provider config store preserves catalog and unknown provider ids at runtime
  ---
  duration_ms: 15.8192
  type: 'test'
  ...
# Subtest: platform picker page is registered once and reachable from the settings page
ok 86 - platform picker page is registered once and reachable from the settings page
  ---
  duration_ms: 0.8575
  type: 'test'
  ...
# (node:45736) ExperimentalWarning: stripTypeScriptTypes is an experimental feature and might change at any time
# (Use `node --trace-warnings ...` to show where the warning was created)
# Subtest: public save can repeat with the same supplied session after cleanup without IO replay
ok 87 - public save can repeat with the same supplied session after cleanup without IO replay
  ---
  duration_ms: 132.7974
  type: 'test'
  ...
# Subtest: two queued stale DRAFT public saves execute exactly one complete lifecycle
ok 88 - two queued stale DRAFT public saves execute exactly one complete lifecycle
  ---
  duration_ms: 23.6729
  type: 'test'
  ...
# Subtest: COMPLETE without durable or memory state is sanitized without another cleanup
ok 89 - COMPLETE without durable or memory state is sanitized without another cleanup
  ---
  duration_ms: 17.3385
  type: 'test'
  ...
# Subtest: draft abandon prefix-cleans unreferenced failed-attempt debt before releasing ownership
ok 90 - draft abandon prefix-cleans unreferenced failed-attempt debt before releasing ownership
  ---
  duration_ms: 17.5905
  type: 'test'
  ...
# Subtest: COMPLETE save prefix-cleans post-commit superseded debt before checkpoint release
ok 91 - COMPLETE save prefix-cleans post-commit superseded debt before checkpoint release
  ---
  duration_ms: 19.0969
  type: 'test'
  ...
# Subtest: save prefix cleanup failure preserves checkpoint memory and PDF for terminal retry
ok 92 - save prefix cleanup failure preserves checkpoint memory and PDF for terminal retry
  ---
  duration_ms: 23.8197
  type: 'test'
  ...
# Subtest: abandon prefix cleanup failure preserves draft memory and PDF for terminal retry
ok 93 - abandon prefix cleanup failure preserves draft memory and PDF for terminal retry
  ---
  duration_ms: 13.5892
  type: 'test'
  ...
# Subtest: COMPLETE save retries after PDF deletion and a post-cleanup account failure
ok 94 - COMPLETE save retries after PDF deletion and a post-cleanup account failure
  ---
  duration_ms: 13.3958
  type: 'test'
  ...
# Subtest: abandon retries after PDF deletion and a post-cleanup checkpoint failure
ok 95 - abandon retries after PDF deletion and a post-cleanup checkpoint failure
  ---
  duration_ms: 14.0798
  type: 'test'
  ...
# Subtest: completed memory rejects another active account and incompatible caller ownership
ok 96 - completed memory rejects another active account and incompatible caller ownership
  ---
  duration_ms: 14.4683
  type: 'test'
  ...
# Subtest: an unrelated session progresses while the first public save is blocked
ok 97 - an unrelated session progresses while the first public save is blocked
  ---
  duration_ms: 12.8901
  type: 'test'
  ...
# Subtest: a mismatched durable session id is rejected before cleanup or publication
ok 98 - a mismatched durable session id is rejected before cleanup or publication
  ---
  duration_ms: 21.3437
  type: 'test'
  ...
# Subtest: a terminal caller without memory still requires its owning account
ok 99 - a terminal caller without memory still requires its owning account
  ---
  duration_ms: 11.5345
  type: 'test'
  ...
# Subtest: AI settings never decrypt or redisplay a saved key and clear typed state on every operation
ok 100 - AI settings never decrypt or redisplay a saved key and clear typed state on every operation
  ---
  duration_ms: 5.3249
  type: 'test'
  ...
# Subtest: connection test uses saved credential scope and releases temporary body and response
ok 101 - connection test uses saved credential scope and releases temporary body and response
  ---
  duration_ms: 0.7046
  type: 'test'
  ...
# Subtest: production AI retry and credential dispatch require persisted usable config
ok 102 - production AI retry and credential dispatch require persisted usable config
  ---
  duration_ms: 1.1737
  type: 'test'
  ...
# Subtest: credential storage uses HUKS AES-256-GCM and a versioned envelope
ok 103 - credential storage uses HUKS AES-256-GCM and a versioned envelope
  ---
  duration_ms: 0.6078
  type: 'test'
  ...
# Subtest: credential preferences are excluded from device backup
ok 104 - credential preferences are excluded from device backup
  ---
  duration_ms: 1.7983
  type: 'test'
  ...
# Subtest: credential operations use one atomic record and detect corruption before HUKS decrypt
ok 105 - credential operations use one atomic record and detect corruption before HUKS decrypt
  ---
  duration_ms: 0.8555
  type: 'test'
  ...
# Subtest: AI network errors expose only local stable messages
ok 106 - AI network errors expose only local stable messages
  ---
  duration_ms: 0.3659
  type: 'test'
  ...
# Subtest: AI credentials reject empty and header-control values before Authorization construction
ok 107 - AI credentials reject empty and header-control values before Authorization construction
  ---
  duration_ms: 1.5738
  type: 'test'
  ...
# Subtest: AI coordinator does not retain credentials, provider bodies or response text
ok 108 - AI coordinator does not retain credentials, provider bodies or response text
  ---
  duration_ms: 1.2627
  type: 'test'
  ...
# Subtest: AI save payload excludes provider and local-only data
ok 109 - AI save payload excludes provider and local-only data
  ---
  duration_ms: 0.9702
  type: 'test'
  ...
# Subtest: AI image preparation verifies ownership and cleans only newly copied finals on failure
ok 110 - AI image preparation verifies ownership and cleans only newly copied finals on failure
  ---
  duration_ms: 0.716
  type: 'test'
  ...
# Subtest: AI session cache cleanup accepts exact legacy and attempt names using tilde ownership
ok 111 - AI session cache cleanup accepts exact legacy and attempt names using tilde ownership
  ---
  duration_ms: 0.6344
  type: 'test'
  ...
# Subtest: AI terminal cleanup performs the strict encoder session sweep before releasing ownership
ok 112 - AI terminal cleanup performs the strict encoder session sweep before releasing ownership
  ---
  duration_ms: 2.4873
  type: 'test'
  ...
# Subtest: AI image copy cleans partial and newly committed files after late failures
ok 113 - AI image copy cleans partial and newly committed files after late failures
  ---
  duration_ms: 4.929
  type: 'test'
  ...
# Subtest: AI save freezes a durable checkpoint before any text write and checks the account first
ok 114 - AI save freezes a durable checkpoint before any text write and checks the account first
  ---
  duration_ms: 3.1276
  type: 'test'
  ...
# Subtest: AI image persistence is serialized and retains finals for an ambiguous DB outcome
ok 115 - AI image persistence is serialized and retains finals for an ambiguous DB outcome
  ---
  duration_ms: 1.5542
  type: 'test'
  ...
# Subtest: AI abandon rejects every durable or in-progress text stage
ok 116 - AI abandon rejects every durable or in-progress text stage
  ---
  duration_ms: 0.6128
  type: 'test'
  ...
# Subtest: raw durable loads stay unpublished until identifiers and account ownership pass
ok 117 - raw durable loads stay unpublished until identifiers and account ownership pass
  ---
  duration_ms: 0.949
  type: 'test'
  ...
# Subtest: AI save lifecycle uses removable keyed session tails
ok 118 - AI save lifecycle uses removable keyed session tails
  ---
  duration_ms: 0.8889
  type: 'test'
  ...
# Subtest: durable checkpoint index drives foreground recovery and safe staged PDF deletion
ok 119 - durable checkpoint index drives foreground recovery and safe staged PDF deletion
  ---
  duration_ms: 1.8114
  type: 'test'
  ...
# Subtest: COMPLETE access cleanup removal and publication remain account owned
ok 120 - COMPLETE access cleanup removal and publication remain account owned
  ---
  duration_ms: 9.4576
  type: 'test'
  ...
# Subtest: image preflight is non-mutating and precedes durable and remote text writes
ok 121 - image preflight is non-mutating and precedes durable and remote text writes
  ---
  duration_ms: 1.4698
  type: 'test'
  ...
# Subtest: stale pending pruning repairs only durable index state
ok 122 - stale pending pruning repairs only durable index state
  ---
  duration_ms: 1.3702
  type: 'test'
  ...
# Subtest: durable IO cannot publish or delete memory before lifecycle account revalidation
ok 123 - durable IO cannot publish or delete memory before lifecycle account revalidation
  ---
  duration_ms: 0.4047
  type: 'test'
  ...
# Subtest: default checkpoint mutations and cache cleanup pin the owning account for all awaits
ok 124 - default checkpoint mutations and cache cleanup pin the owning account for all awaits
  ---
  duration_ms: 4.9736
  type: 'test'
  ...
# Subtest: AI modules have no logging, OCR fallback, or business import endpoint
ok 125 - AI modules have no logging, OCR fallback, or business import endpoint
  ---
  duration_ms: 10.2964
  type: 'test'
  ...
# Subtest: Authorization ownership scan catches lowercase leaks and normalizes Windows paths
ok 126 - Authorization ownership scan catches lowercase leaks and normalizes Windows paths
  ---
  duration_ms: 3.1209
  type: 'test'
  ...
# Subtest: sync writer cannot see provider configuration, credentials, PDF, or image bytes
ok 127 - sync writer cannot see provider configuration, credentials, PDF, or image bytes
  ---
  duration_ms: 1.21
  type: 'test'
  ...
# Subtest: transport delegates its endpoint scheme guard to the shared private-host predicate
ok 128 - transport delegates its endpoint scheme guard to the shared private-host predicate
  ---
  duration_ms: 2.8321
  type: 'test'
  ...
# API 24 configuration contracts passed
# Subtest: entry\\src\\test\\Api24ConfigurationContracts.test.cjs
ok 7 - entry\\src\\test\\Api24ConfigurationContracts.test.cjs
  ---
  duration_ms: 224.1635
  type: 'test'
  ...
# API 24 HdsTabs contracts passed
# Subtest: entry\\src\\test\\Api24HdsTabsContracts.test.cjs
ok 8 - entry\\src\\test\\Api24HdsTabsContracts.test.cjs
  ---
  duration_ms: 318.432
  type: 'test'
  ...
# API client contracts passed
# Subtest: entry\\src\\test\\ApiClientContracts.test.cjs
ok 9 - entry\\src\\test\\ApiClientContracts.test.cjs
  ---
  duration_ms: 218.7916
  type: 'test'
  ...
# Auth session contracts passed
# Subtest: entry\\src\\test\\AuthSessionContracts.test.cjs
ok 10 - entry\\src\\test\\AuthSessionContracts.test.cjs
  ---
  duration_ms: 221.8081
  type: 'test'
  ...
# Subtest: schema version six adds every account-scoped cache table
ok 133 - schema version six adds every account-scoped cache table
  ---
  duration_ms: 1.8527
  type: 'test'
  ...
# Subtest: version five migration only creates cache tables and indexes
ok 134 - version five migration only creates cache tables and indexes
  ---
  duration_ms: 1.5788
  type: 'test'
  ...
# Subtest: legacy tables and outbox remain intact while device OCR services are retired
ok 135 - legacy tables and outbox remain intact while device OCR services are retired
  ---
  duration_ms: 4.6607
  type: 'test'
  ...
# Subtest: cache models are strict ArkTS classes with server UUID ownership
ok 136 - cache models are strict ArkTS classes with server UUID ownership
  ---
  duration_ms: 0.9573
  type: 'test'
  ...
# Subtest: replacePage atomically replaces account text and rejects stale cursors
ok 137 - replacePage atomically replaces account text and rejects stale cursors
  ---
  duration_ms: 3.1418
  type: 'test'
  ...
# Subtest: all cloud cache reads require account ID
ok 138 - all cloud cache reads require account ID
  ---
  duration_ms: 1.6091
  type: 'test'
  ...
# Subtest: device image mappings require matching account and question ownership
ok 139 - device image mappings require matching account and question ownership
  ---
  duration_ms: 1.1932
  type: 'test'
  ...
# Subtest: logout removes only current account text cache and retains device images
ok 140 - logout removes only current account text cache and retains device images
  ---
  duration_ms: 1.6737
  type: 'test'
  ...
# Subtest: AI import can persist validated stable bank and question UUIDs
ok 141 - AI import can persist validated stable bank and question UUIDs
  ---
  duration_ms: 2.8877
  type: 'test'
  ...
# Subtest: AI bank batches stay pinned to one expected account across every response
ok 142 - AI bank batches stay pinned to one expected account across every response
  ---
  duration_ms: 2.884
  type: 'test'
  ...
# Subtest: sign out is gated before joining the serialized account mutation lane
ok 143 - sign out is gated before joining the serialized account mutation lane
  ---
  duration_ms: 0.749
  type: 'test'
  ...
# Subtest: AI bank cache apply is scoped under the serialized expected-account lane
ok 144 - AI bank cache apply is scoped under the serialized expected-account lane
  ---
  duration_ms: 1.1025
  type: 'test'
  ...
# Subtest: device images validate a complete batch before one immediate transaction
ok 145 - device images validate a complete batch before one immediate transaction
  ---
  duration_ms: 0.6812
  type: 'test'
  ...
# Subtest: production code no longer references device OCR services or recognizeText
ok 146 - production code no longer references device OCR services or recognizeText
  ---
  duration_ms: 3.45
  type: 'test'
  ...
# Subtest: QuestionBankService no longer produces legacy outbox writes
ok 147 - QuestionBankService no longer produces legacy outbox writes
  ---
  duration_ms: 0.6336
  type: 'test'
  ...
# Subtest: WrongQuestionService no longer produces legacy outbox writes
ok 148 - WrongQuestionService no longer produces legacy outbox writes
  ---
  duration_ms: 0.5469
  type: 'test'
  ...
# Subtest: normal business write paths go through CloudQuestionRepository
ok 149 - normal business write paths go through CloudQuestionRepository
  ---
  duration_ms: 1.9797
  type: 'test'
  ...
# Subtest: rollback cloud pages remain intact but the formal PDF flow is client AI only
ok 150 - rollback cloud pages remain intact but the formal PDF flow is client AI only
  ---
  duration_ms: 2.545
  type: 'test'
  ...
# Subtest: formal entry prohibitions are scoped to the AI flow and leave rollback files available
ok 151 - formal entry prohibitions are scoped to the AI flow and leave rollback files available
  ---
  duration_ms: 1.8757
  type: 'test'
  ...
# Subtest: AppBootstrap integrates LegacyCloudMigrationService without legacy backfill
ok 152 - AppBootstrap integrates LegacyCloudMigrationService without legacy backfill
  ---
  duration_ms: 0.449
  type: 'test'
  ...
# Subtest: legacy migration gate blocks retirement until all three conditions hold
ok 153 - legacy migration gate blocks retirement until all three conditions hold
  ---
  duration_ms: 0.7968
  type: 'test'
  ...
# Subtest: legacy v5 schema and sync_outbox remain for recovery
ok 154 - legacy v5 schema and sync_outbox remain for recovery
  ---
  duration_ms: 0.4413
  type: 'test'
  ...
# Subtest: no destructive legacy cleanup exists in production startup or sync paths
ok 155 - no destructive legacy cleanup exists in production startup or sync paths
  ---
  duration_ms: 1.163
  type: 'test'
  ...
# Subtest: server directory has zero uncommitted changes
not ok 156 - server directory has zero uncommitted changes
  ---
  duration_ms: 154.1535
  type: 'test'
  location: 'G:\\code\\openHarmony\\wrong_question_collection\\entry\\src\\test\\CloudCutoverContracts.test.cjs:196:1'
  failureType: 'testCodeFailure'
  error: |-
    server/ must remain untouched by the cutover task
    + actual - expected
    
    + 'M server/package.json\n' +
    +   ' M server/worker/pdf_pipeline.py\n' +
    +   ' M server/worker/question_parser.py\n' +
    +   ' M server/worker/tests/test_pdf_pipeline.py\n' +
    +   ' M server/worker/tests/test_question_parser.py\n' +
    +   '?? server/.codex-worker-test-4/\n' +
    +   '?? server/.pytest-ai-import-audit/\n' +
    +   '?? server/scripts/math-pdf-import-e2e.cjs\n' +
    +   '?? server/scripts/tests/\n' +
    +   '?? server/worker/layout_debug.py\n' +
    +   '?? server/worker/math_layout.py\n' +
    +   '?? server/worker/tests/test_layout_debug.py\n' +
    +   '?? server/worker/text_layer.py'
    - ''
    
  code: 'ERR_ASSERTION'
  name: 'AssertionError'
  expected: ''
  actual: |-
    M server/package.json
     M server/worker/pdf_pipeline.py
     M server/worker/question_parser.py
     M server/worker/tests/test_pdf_pipeline.py
     M server/worker/tests/test_question_parser.py
    ?? server/.codex-worker-test-4/
    ?? server/.pytest-ai-import-audit/
    ?? server/scripts/math-pdf-import-e2e.cjs
    ?? server/scripts/tests/
    ?? server/worker/layout_debug.py
    ?? server/worker/math_layout.py
    ?? server/worker/tests/test_layout_debug.py
    ?? server/worker/text_layer.py
  operator: 'strictEqual'
  stack: |-
    TestContext.<anonymous> (G:\code\openHarmony\wrong_question_collection\entry\src\test\CloudCutoverContracts.test.cjs:217:10)
    Test.runInAsyncScope (node:async_hooks:227:14)
    Test.run (node:internal/test_runner/test:1382:25)
    Test.processPendingSubtests (node:internal/test_runner/test:960:18)
    Test.postRun (node:internal/test_runner/test:1522:19)
    Test.run (node:internal/test_runner/test:1447:12)
    async Test.processPendingSubtests (node:internal/test_runner/test:960:7)
  ...
# Cloud import API contracts passed
# Subtest: entry\\src\\test\\CloudImportApiContracts.test.cjs
ok 13 - entry\\src\\test\\CloudImportApiContracts.test.cjs
  ---
  duration_ms: 268.2684
  type: 'test'
  ...
# (node:58264) ExperimentalWarning: stripTypeScriptTypes is an experimental feature and might change at any time
# (Use `node --trace-warnings ...` to show where the warning was created)
# Subtest: setup performs signed-in online PDF preflight and creates a cloud job
ok 158 - setup performs signed-in online PDF preflight and creates a cloud job
  ---
  duration_ms: 1.9487
  type: 'test'
  ...
# Subtest: progress resumes upload and polls cloud jobs with bounded backoff
ok 159 - progress resumes upload and polls cloud jobs with bounded backoff
  ---
  duration_ms: 1.6898
  type: 'test'
  ...
# Subtest: inactive progress page stops polling without cancelling the server job
ok 160 - inactive progress page stops polling without cancelling the server job
  ---
  duration_ms: 1.2863
  type: 'test'
  ...
# Subtest: cloud import status card exposes unified progress error and retry state
ok 161 - cloud import status card exposes unified progress error and retry state
  ---
  duration_ms: 0.4823
  type: 'test'
  ...
# Subtest: review reads and edits the server draft before confirmation
ok 162 - review reads and edits the server draft before confirmation
  ---
  duration_ms: 0.791
  type: 'test'
  ...
# Subtest: review downloads verified artifacts before acknowledging only stored IDs
ok 163 - review downloads verified artifacts before acknowledging only stored IDs
  ---
  duration_ms: 4.2022
  type: 'test'
  ...
# Subtest: review keeps confirmed text when an artifact has expired
ok 164 - review keeps confirmed text when an artifact has expired
  ---
  duration_ms: 2.6823
  type: 'test'
  ...
# Subtest: explicit Cloud abandonment removes only its exact staged PDF before clearing state
ok 165 - explicit Cloud abandonment removes only its exact staged PDF before clearing state
  ---
  duration_ms: 1.5812
  type: 'test'
  ...
# Subtest: Cloud adapter preserves nullable protocol fields and makes independent round-trip copies
ok 166 - Cloud adapter preserves nullable protocol fields and makes independent round-trip copies
  ---
  duration_ms: 109.7973
  type: 'test'
  ...
# Subtest: Cloud adapter resumes confirmed text with verified IDs and preserves account/ACK ordering
ok 167 - Cloud adapter resumes confirmed text with verified IDs and preserves account/ACK ordering
  ---
  duration_ms: 15.3535
  type: 'test'
  ...
# Subtest: PDF import state retains cloud job metadata progress and review state
ok 168 - PDF import state retains cloud job metadata progress and review state
  ---
  duration_ms: 0.9115
  type: 'test'
  ...
# Subtest: import bank stages an AI PDF selection and opens only the AI setup page
ok 169 - import bank stages an AI PDF selection and opens only the AI setup page
  ---
  duration_ms: 1.9527
  type: 'test'
  ...
# Subtest: SyncPayloadData mirrors the server contract and allows explicit null optionals
ok 170 - SyncPayloadData mirrors the server contract and allows explicit null optionals
  ---
  duration_ms: 1.6945
  type: 'test'
  ...
# Subtest: applyQuestion normalizes null question payloads into strict cache values
ok 171 - applyQuestion normalizes null question payloads into strict cache values
  ---
  duration_ms: 1.1277
  type: 'test'
  ...
# Subtest: applyBank and applyWrongQuestion normalize null optionals as well
ok 172 - applyBank and applyWrongQuestion normalize null optionals as well
  ---
  duration_ms: 2.1013
  type: 'test'
  ...
# Subtest: legacy remote applier is null-safe so it still compiles against the aligned model
ok 173 - legacy remote applier is null-safe so it still compiles against the aligned model
  ---
  duration_ms: 1.0852
  type: 'test'
  ...
# Subtest: only real network failures mark pages offline; other refresh errors show sync failure
ok 174 - only real network failures mark pages offline; other refresh errors show sync failure
  ---
  duration_ms: 2.8182
  type: 'test'
  ...
# Subtest: cloud sync stays local when signed out and serializes concurrent requests
ok 175 - cloud sync stays local when signed out and serializes concurrent requests
  ---
  duration_ms: 1.9757
  type: 'test'
  ...
# Subtest: signed-in sync refreshes the server-first cache and retires the legacy outbox drain
ok 176 - signed-in sync refreshes the server-first cache and retires the legacy outbox drain
  ---
  duration_ms: 0.5621
  type: 'test'
  ...
# Subtest: legacy outbox and remote applier remain intact as recovery-only services
ok 177 - legacy outbox and remote applier remain intact as recovery-only services
  ---
  duration_ms: 2.9669
  type: 'test'
  ...
# Dark mode contracts passed
# Subtest: entry\\src\\test\\DarkModeContracts.test.cjs
ok 17 - entry\\src\\test\\DarkModeContracts.test.cjs
  ---
  duration_ms: 256.9073
  type: 'test'
  ...
# Subtest: renders the complete developer section only behind BuildProfile.DEBUG
ok 179 - renders the complete developer section only behind BuildProfile.DEBUG
  ---
  duration_ms: 2.741
  type: 'test'
  ...
# Subtest: checks login, reuses accessToken refresh, and reports every result
ok 180 - checks login, reuses accessToken refresh, and reports every result
  ---
  duration_ms: 0.552
  type: 'test'
  ...
# Subtest: never exposes or persists either token from the Mine-page feature
ok 181 - never exposes or persists either token from the Mine-page feature
  ---
  duration_ms: 0.6584
  type: 'test'
  ...
# EasyGo parallel view contracts passed
# Subtest: entry\\src\\test\\EasyGoContracts.test.cjs
ok 19 - entry\\src\\test\\EasyGoContracts.test.cjs
  ---
  duration_ms: 311.137
  type: 'test'
  ...
# Editorial UI contracts passed
# Subtest: entry\\src\\test\\EditorialUiContracts.test.cjs
ok 20 - entry\\src\\test\\EditorialUiContracts.test.cjs
  ---
  duration_ms: 236.7113
  type: 'test'
  ...
# Home dashboard contracts passed
# Subtest: entry\\src\\test\\HomeDashboardContracts.test.cjs
ok 21 - entry\\src\\test\\HomeDashboardContracts.test.cjs
  ---
  duration_ms: 308.4273
  type: 'test'
  ...
# Home page contracts passed
# Subtest: entry\\src\\test\\HomePageContracts.test.cjs
ok 22 - entry\\src\\test\\HomePageContracts.test.cjs
  ---
  duration_ms: 356.895
  type: 'test'
  ...
# Subtest: home keeps one import entry and names every shortcut for its real destination
ok 186 - home keeps one import entry and names every shortcut for its real destination
  ---
  duration_ms: 2.0599
  type: 'test'
  ...
# Subtest: recent summaries expose one list-level action and rows no longer pretend to deep-link
ok 187 - recent summaries expose one list-level action and rows no longer pretend to deep-link
  ---
  duration_ms: 2.3195
  type: 'test'
  ...
# Subtest: home shortcuts and primary review meet touch size and large-text layout contracts
ok 188 - home shortcuts and primary review meet touch size and large-text layout contracts
  ---
  duration_ms: 1.9573
  type: 'test'
  ...
# Subtest: HdsTabs action-slot mapping and guarded navigation remain intact
ok 189 - HdsTabs action-slot mapping and guarded navigation remain intact
  ---
  duration_ms: 0.4417
  type: 'test'
  ...
# Huawei login contracts passed
# Subtest: entry\\src\\test\\HuaweiLoginContracts.test.cjs
ok 24 - entry\\src\\test\\HuaweiLoginContracts.test.cjs
  ---
  duration_ms: 320.7643
  type: 'test'
  ...
# Subtest: migration model covers the five stages with strict ArkTS types
ok 191 - migration model covers the five stages with strict ArkTS types
  ---
  duration_ms: 2.9875
  type: 'test'
  ...
# Subtest: MigrationPolicy binds accounts and retires only on all three conditions
ok 192 - MigrationPolicy binds accounts and retires only on all three conditions
  ---
  duration_ms: 3.0663
  type: 'test'
  ...
# Subtest: text normalization is deterministic, UUID ordered, and server-trim aware
ok 193 - text normalization is deterministic, UUID ordered, and server-trim aware
  ---
  duration_ms: 1.0815
  type: 'test'
  ...
# Subtest: migration state lives outside sync_outbox and never writes it
ok 194 - migration state lives outside sync_outbox and never writes it
  ---
  duration_ms: 1.1273
  type: 'test'
  ...
# Subtest: legacy scan excludes sample data and reads stable identities
ok 195 - legacy scan excludes sample data and reads stable identities
  ---
  duration_ms: 1.3458
  type: 'test'
  ...
# Subtest: upload reuses the server sync API with stable UUIDs in bounded batches
ok 196 - upload reuses the server sync API with stable UUIDs in bounded batches
  ---
  duration_ms: 0.6596
  type: 'test'
  ...
# Subtest: server ACK is required before the verifying stage
ok 197 - server ACK is required before the verifying stage
  ---
  duration_ms: 2.3373
  type: 'test'
  ...
# Subtest: verification pulls the authoritative snapshot and fails on count mismatch
ok 198 - verification pulls the authoritative snapshot and fails on count mismatch
  ---
  duration_ms: 11.6656
  type: 'test'
  ...
# Subtest: SHA-256 digest mismatch blocks cacheVerified and completion
ok 199 - SHA-256 digest mismatch blocks cacheVerified and completion
  ---
  duration_ms: 0.6096
  type: 'test'
  ...
# Subtest: cloud cache is written only after every bank verified
ok 200 - cloud cache is written only after every bank verified
  ---
  duration_ms: 0.6717
  type: 'test'
  ...
# Subtest: completion requires all three conditions and never deletes legacy data
ok 201 - completion requires all three conditions and never deletes legacy data
  ---
  duration_ms: 0.8343
  type: 'test'
  ...
# Subtest: image rebinding keeps device images private and preserves the originals
ok 202 - image rebinding keeps device images private and preserves the originals
  ---
  duration_ms: 0.7704
  type: 'test'
  ...
# Subtest: failure states allow retry and resume from acknowledged banks
ok 203 - failure states allow retry and resume from acknowledged banks
  ---
  duration_ms: 0.6269
  type: 'test'
  ...
# Subtest: legacy OCR and PDF fallback services are retired and unreferenced by migration
ok 204 - legacy OCR and PDF fallback services are retired and unreferenced by migration
  ---
  duration_ms: 0.6623
  type: 'test'
  ...
# Subtest: bootstrap restores migration state without auto claiming an account
ok 205 - bootstrap restores migration state without auto claiming an account
  ---
  duration_ms: 0.4118
  type: 'test'
  ...
# Subtest: migration card shows all five states, counts, and a retry action
ok 206 - migration card shows all five states, counts, and a retry action
  ---
  duration_ms: 0.74
  type: 'test'
  ...
# Subtest: mine page requires login and explicit confirmation before migrating
ok 207 - mine page requires login and explicit confirmation before migrating
  ---
  duration_ms: 0.9277
  type: 'test'
  ...
# Main navigation contracts passed
# Subtest: entry\\src\\test\\MainNavigationContracts.test.cjs
ok 26 - entry\\src\\test\\MainNavigationContracts.test.cjs
  ---
  duration_ms: 240.048
  type: 'test'
  ...
# Math content contracts passed
# Subtest: entry\\src\\test\\MathContentContracts.test.cjs
ok 27 - entry\\src\\test\\MathContentContracts.test.cjs
  ---
  duration_ms: 289.6704
  type: 'test'
  ...
# Native navigation contracts passed
# Subtest: entry\\src\\test\\NativeNavigationContracts.test.cjs
ok 28 - entry\\src\\test\\NativeNavigationContracts.test.cjs
  ---
  duration_ms: 293.6665
  type: 'test'
  ...
# Network security contracts passed
# Subtest: entry\\src\\test\\NetworkSecurityContracts.test.cjs
ok 29 - entry\\src\\test\\NetworkSecurityContracts.test.cjs
  ---
  duration_ms: 238.0919
  type: 'test'
  ...
# (node:61356) ExperimentalWarning: stripTypeScriptTypes is an experimental feature and might change at any time
# (Use `node --trace-warnings ...` to show where the warning was created)
# Subtest: current schema contains question image storage and durable cleanup debt
ok 212 - current schema contains question image storage and durable cleanup debt
  ---
  duration_ms: 2.7823
  type: 'test'
  ...
# Subtest: version one migration probes columns and conditionally repairs partial migrations
ok 213 - version one migration probes columns and conditionally repairs partial migrations
  ---
  duration_ms: 1.4199
  type: 'test'
  ...
# Subtest: import persistence snapshots inputs before awaiting and separates commit from object mutation
ok 214 - import persistence snapshots inputs before awaiting and separates commit from object mutation
  ---
  duration_ms: 0.8751
  type: 'test'
  ...
# Subtest: question image reads are ordered, mapped, and closed in method scope
ok 215 - question image reads are ordered, mapped, and closed in method scope
  ---
  duration_ms: 0.6419
  type: 'test'
  ...
# Subtest: update and delete methods keep their exact storage boundaries
ok 216 - update and delete methods keep their exact storage boundaries
  ---
  duration_ms: 1.8733
  type: 'test'
  ...
# Subtest: pdf selection stages one validated file through bounded streaming io
ok 217 - pdf selection stages one validated file through bounded streaming io
  ---
  duration_ms: 1.2376
  type: 'test'
  ...
# Subtest: temporary pdf cleanup requires exact staged ownership and unregisters only after safe outcomes
ok 218 - temporary pdf cleanup requires exact staged ownership and unregisters only after safe outcomes
  ---
  duration_ms: 1.5166
  type: 'test'
  ...
# Subtest: pdf selection serializes picker work and removes only direct unregistered stale cache files
ok 219 - pdf selection serializes picker work and removes only direct unregistered stale cache files
  ---
  duration_ms: 1.6422
  type: 'test'
  ...
# Subtest: question crop converts coordinates directly and owns every file and image resource
ok 220 - question crop converts coordinates directly and owns every file and image resource
  ---
  duration_ms: 7.8661
  type: 'test'
  ...
# Subtest: PDF import device pipeline stays offline even with app-level INTERNET permission
ok 221 - PDF import device pipeline stays offline even with app-level INTERNET permission
  ---
  duration_ms: 0.7804
  type: 'test'
  ...
# Subtest: device OCR and PDF coordinator services are retired after the cloud cutover
ok 222 - device OCR and PDF coordinator services are retired after the cloud cutover
  ---
  duration_ms: 1.825
  type: 'test'
  ...
# Subtest: PDF import routes keep rollback pages and register the formal AI flow
ok 223 - PDF import routes keep rollback pages and register the formal AI flow
  ---
  duration_ms: 0.8584
  type: 'test'
  ...
# Subtest: formal PDF selection enters only the client AI setup
ok 224 - formal PDF selection enters only the client AI setup
  ---
  duration_ms: 0.5042
  type: 'test'
  ...
# Subtest: formal AI PDF entry has no Cloud, OCR, endpoint, or fallback path
ok 225 - formal AI PDF entry has no Cloud, OCR, endpoint, or fallback path
  ---
  duration_ms: 0.9759
  type: 'test'
  ...
# Subtest: formal PDF selection preserves exactly one reachable owner across replacement and route failures
ok 226 - formal PDF selection preserves exactly one reachable owner across replacement and route failures
  ---
  duration_ms: 117.1916
  type: 'test'
  ...
# Subtest: PDF setup validates cloud metadata and page range before progress routing
ok 227 - PDF setup validates cloud metadata and page range before progress routing
  ---
  duration_ms: 1.0324
  type: 'test'
  ...
# Subtest: resource route registry contains each AI page exactly once
ok 228 - resource route registry contains each AI page exactly once
  ---
  duration_ms: 1.2971
  type: 'test'
  ...
# Subtest: import entry serializes JSON and AI PDF selection, blocks back, and grows errors
ok 229 - import entry serializes JSON and AI PDF selection, blocks back, and grows errors
  ---
  duration_ms: 1.0476
  type: 'test'
  ...
# Subtest: question image cleanup debt is idempotent and retry retains only failed paths
ok 230 - question image cleanup debt is idempotent and retry retains only failed paths
  ---
  duration_ms: 0.8468
  type: 'test'
  ...
# Subtest: temporary PDF abandonment moves only exact active ownership to retryable orphan storage
ok 231 - temporary PDF abandonment moves only exact active ownership to retryable orphan storage
  ---
  duration_ms: 1.8742
  type: 'test'
  ...
# Subtest: failed candidate deletion atomically transfers exact ownership to orphan cleanup
ok 232 - failed candidate deletion atomically transfers exact ownership to orphan cleanup
  ---
  duration_ms: 1.9215
  type: 'test'
  ...
# Subtest: saveCrop registers only an owned temporary residue when immediate cleanup fails
ok 233 - saveCrop registers only an owned temporary residue when immediate cleanup fails
  ---
  duration_ms: 1.8261
  type: 'test'
  ...
# Subtest: question image debt retry shares one transition and recovers strict direct cache files after restart
ok 234 - question image debt retry shares one transition and recovers strict direct cache files after restart
  ---
  duration_ms: 0.8091
  type: 'test'
  ...
# Subtest: PDF stale cleanup isolates per-file failures so picker construction remains reachable
ok 235 - PDF stale cleanup isolates per-file failures so picker construction remains reachable
  ---
  duration_ms: 0.7234
  type: 'test'
  ...
# Subtest: savePdfBank keeps bank questions and images in one transaction without changing JSON import API
ok 236 - savePdfBank keeps bank questions and images in one transaction without changing JSON import API
  ---
  duration_ms: 0.8462
  type: 'test'
  ...
# Subtest: committed PDF image rollback is path-owned idempotent and reports recoverable cleanup state
ok 237 - committed PDF image rollback is path-owned idempotent and reports recoverable cleanup state
  ---
  duration_ms: 1.6285
  type: 'test'
  ...
# Subtest: partial image commit rollback failure preserves structured recoverable ownership
ok 238 - partial image commit rollback failure preserves structured recoverable ownership
  ---
  duration_ms: 1.0719
  type: 'test'
  ...
# Subtest: uncertain PDF bank save exports exact three-state verification
ok 239 - uncertain PDF bank save exports exact three-state verification
  ---
  duration_ms: 0.7757
  type: 'test'
  ...
# Subtest: saved question source images render only when present and use stable image identifiers
ok 240 - saved question source images render only when present and use stable image identifiers
  ---
  duration_ms: 0.5528
  type: 'test'
  ...
# Subtest: question detail reloads on page show, renders source before question content, and opens editing for selected question
ok 241 - question detail reloads on page show, renders source before question content, and opens editing for selected question
  ---
  duration_ms: 0.5104
  type: 'test'
  ...
# Subtest: question list cards show pending review only for questions that need review
ok 242 - question list cards show pending review only for questions that need review
  ---
  duration_ms: 0.9832
  type: 'test'
  ...
# Subtest: saved question editor clones all editable fields but preserves source image ownership
ok 243 - saved question editor clones all editable fields but preserves source image ownership
  ---
  duration_ms: 0.857
  type: 'test'
  ...
# Subtest: bank deletion is server-first and refreshes the cache only after server success
ok 244 - bank deletion is server-first and refreshes the cache only after server success
  ---
  duration_ms: 1.1323
  type: 'test'
  ...
# Subtest: question list reloads the active query on page show and lazily renders a fully notified data source
ok 245 - question list reloads the active query on page show and lazily renders a fully notified data source
  ---
  duration_ms: 0.6108
  type: 'test'
  ...
# Subtest: list and search queries do not serially hydrate source images while detail still does
ok 246 - list and search queries do not serially hydrate source images while detail still does
  ---
  duration_ms: 1.1665
  type: 'test'
  ...
# Subtest: bank deletion durably records exact image debt inside the same transaction before deleting rows
ok 247 - bank deletion durably records exact image debt inside the same transaction before deleting rows
  ---
  duration_ms: 0.4084
  type: 'test'
  ...
# Subtest: cleanup retry merges exact durable debt, protects live references, and clears debt only after safe cleanup
ok 248 - cleanup retry merges exact durable debt, protects live references, and clears debt only after safe cleanup
  ---
  duration_ms: 0.5668
  type: 'test'
  ...
# Subtest: direct image deletion clears durable debt after safe absence or unlink and retries empty bank directory cleanup
ok 249 - direct image deletion clears durable debt after safe absence or unlink and retries empty bank directory cleanup
  ---
  duration_ms: 0.6235
  type: 'test'
  ...
# Subtest: PDF import manifest allows INTERNET but device pipeline contains no network client
ok 250 - PDF import manifest allows INTERNET but device pipeline contains no network client
  ---
  duration_ms: 0.8163
  type: 'test'
  ...
# Subtest: temporary PDF deletion is an idempotent direct-child operation under its registered cache root
ok 251 - temporary PDF deletion is an idempotent direct-child operation under its registered cache root
  ---
  duration_ms: 0.4963
  type: 'test'
  ...
# Subtest: read-only temporary PDF absence proof accepts only a missing strict direct child
ok 252 - read-only temporary PDF absence proof accepts only a missing strict direct child
  ---
  duration_ms: 23.0292
  type: 'test'
  ...
# Subtest: temporary PDF absence proof rejects malformed and cross-root paths without deletion
ok 253 - temporary PDF absence proof rejects malformed and cross-root paths without deletion
  ---
  duration_ms: 18.655
  type: 'test'
  ...
# Subtest: temporary PDF absence proof is read-only and validates path then cache then lstat absence
ok 254 - temporary PDF absence proof is read-only and validates path then cache then lstat absence
  ---
  duration_ms: 0.565
  type: 'test'
  ...
# Subtest: question image deletion accepts only exact service cache files or exact bank image hierarchy
ok 255 - question image deletion accepts only exact service cache files or exact bank image hierarchy
  ---
  duration_ms: 1.0324
  type: 'test'
  ...
# Subtest: unknown or malformed PDF ownership throws and only strict registered staged files can be abandoned
ok 256 - unknown or malformed PDF ownership throws and only strict registered staged files can be abandoned
  ---
  duration_ms: 1.0116
  type: 'test'
  ...
# Subtest: current schema durably records exact rollback mappings and retry restores mappings without committed scans
ok 257 - current schema durably records exact rollback mappings and retry restores mappings without committed scans
  ---
  duration_ms: 1.2722
  type: 'test'
  ...
# Subtest: structured PDF storage errors are preserved by retained local services
ok 258 - structured PDF storage errors are preserved by retained local services
  ---
  duration_ms: 0.6279
  type: 'test'
  ...
# Subtest: PDF page error cards use supported constraint sizing
ok 259 - PDF page error cards use supported constraint sizing
  ---
  duration_ms: 0.596
  type: 'test'
  ...
# Subtest: ConnectivityPolicy allows mutation only when signed in and online
ok 260 - ConnectivityPolicy allows mutation only when signed in and online
  ---
  duration_ms: 4.0033
  type: 'test'
  ...
# Subtest: every data page shows the offline read-only state and uses the cloud repository
ok 261 - every data page shows the offline read-only state and uses the cloud repository
  ---
  duration_ms: 6.5722
  type: 'test'
  ...
# Subtest: pages never call the old local-first mutation services
ok 262 - pages never call the old local-first mutation services
  ---
  duration_ms: 1.616
  type: 'test'
  ...
# Subtest: mutation buttons are disabled or guarded when offline or signed out
ok 263 - mutation buttons are disabled or guarded when offline or signed out
  ---
  duration_ms: 2.072
  type: 'test'
  ...
# Subtest: CloudQuestionRepository exposes the required server-first API
ok 264 - CloudQuestionRepository exposes the required server-first API
  ---
  duration_ms: 0.6744
  type: 'test'
  ...
# Subtest: mutation order is server request then server success then cache update
ok 265 - mutation order is server request then server success then cache update
  ---
  duration_ms: 0.6814
  type: 'test'
  ...
# Subtest: refresh failure preserves the existing cloud cache
ok 266 - refresh failure preserves the existing cloud cache
  ---
  duration_ms: 0.5878
  type: 'test'
  ...
# Subtest: mutation success reflects in cache before the page refreshes
ok 267 - mutation success reflects in cache before the page refreshes
  ---
  duration_ms: 0.5174
  type: 'test'
  ...
# Subtest: legacy backfill stays recovery-only and is not wired into production startup
ok 268 - legacy backfill stays recovery-only and is not wired into production startup
  ---
  duration_ms: 1.7372
  type: 'test'
  ...
# Subtest: built-in sample imports remain device-only after the outbox cutover
ok 269 - built-in sample imports remain device-only after the outbox cutover
  ---
  duration_ms: 0.7452
  type: 'test'
  ...
# Subtest: question bank writes no longer enqueue legacy outbox operations
ok 270 - question bank writes no longer enqueue legacy outbox operations
  ---
  duration_ms: 1.6853
  type: 'test'
  ...
# Subtest: wrong question mutations no longer enqueue legacy outbox operations
ok 271 - wrong question mutations no longer enqueue legacy outbox operations
  ---
  duration_ms: 0.5294
  type: 'test'
  ...
# Subtest: online mutations are server-first through CloudQuestionRepository
ok 272 - online mutations are server-first through CloudQuestionRepository
  ---
  duration_ms: 2.2786
  type: 'test'
  ...
# Subtest: remote apply never echoes changes into outbox
ok 273 - remote apply never echoes changes into outbox
  ---
  duration_ms: 0.4641
  type: 'test'
  ...
# Subtest: sync payload factory includes text only and excludes device image data
ok 274 - sync payload factory includes text only and excludes device image data
  ---
  duration_ms: 0.5518
  type: 'test'
  ...
# Subtest: database schema version six retains sync identity, outbox and cursor tables
ok 275 - database schema version six retains sync identity, outbox and cursor tables
  ---
  duration_ms: 2.9211
  type: 'test'
  ...
# Subtest: version four migration is transactional and advances only after success
ok 276 - version four migration is transactional and advances only after success
  ---
  duration_ms: 1.2926
  type: 'test'
  ...
# Subtest: sync identity service creates stable server-compatible UUID mappings
ok 277 - sync identity service creates stable server-compatible UUID mappings
  ---
  duration_ms: 0.4034
  type: 'test'
  ...
# Subtest: outbox compacts pending mutations without removing them on sign out
ok 278 - outbox compacts pending mutations without removing them on sign out
  ---
  duration_ms: 1.2191
  type: 'test'
  ...
# Task 6 page contracts passed
# Subtest: entry\\src\\test\\Task6PageContracts.test.cjs
ok 35 - entry\\src\\test\\Task6PageContracts.test.cjs
  ---
  duration_ms: 144.1031
  type: 'test'
  ...
# Task 7 page contracts passed
# Subtest: entry\\src\\test\\Task7PageContracts.test.cjs
ok 36 - entry\\src\\test\\Task7PageContracts.test.cjs
  ---
  duration_ms: 130.3633
  type: 'test'
  ...
# Task 8 page contracts passed
# Subtest: entry\\src\\test\\Task8PageContracts.test.cjs
ok 37 - entry\\src\\test\\Task8PageContracts.test.cjs
  ---
  duration_ms: 138.9952
  type: 'test'
  ...
# Task 9 resource contracts passed
# Subtest: entry\\src\\test\\Task9ResourceContracts.test.cjs
ok 38 - entry\\src\\test\\Task9ResourceContracts.test.cjs
  ---
  duration_ms: 163.0665
  type: 'test'
  ...
# (node:45464) ExperimentalWarning: stripTypeScriptTypes is an experimental feature and might change at any time
# (Use `node --trace-warnings ...` to show where the warning was created)
# Subtest: primary and selected controls use readable light and dark color pairs
ok 283 - primary and selected controls use readable light and dark color pairs
  ---
  duration_ms: 74.4426
  type: 'test'
  ...
# Subtest: import leads with PDF and keeps JSON format and mutually exclusive handlers
ok 284 - import leads with PDF and keeps JSON format and mutually exclusive handlers
  ---
  duration_ms: 3.3941
  type: 'test'
  ...
# Subtest: settings group Model with service and expose status outside the scrolling form
ok 285 - settings group Model with service and expose status outside the scrolling form
  ---
  duration_ms: 1.9086
  type: 'test'
  ...
# Subtest: three page shells consume four insets and constrain readable content and touch targets
ok 286 - three page shells consume four insets and constrain readable content and touch targets
  ---
  duration_ms: 5.1645
  type: 'test'
  ...
# Subtest: picker clears both filters, restores actual catalog and still selects only the platform id
ok 287 - picker clears both filters, restores actual catalog and still selects only the platform id
  ---
  duration_ms: 23.3705
  type: 'test'
  ...
# Subtest: wrong-question subject filters provide a readable 48vp selected control
ok 288 - wrong-question subject filters provide a readable 48vp selected control
  ---
  duration_ms: 1.7095
  type: 'test'
  ...
# Subtest: shared empty state supports page and embedded layouts without a fixed wrong-page box
ok 289 - shared empty state supports page and embedded layouts without a fixed wrong-page box
  ---
  duration_ms: 0.908
  type: 'test'
  ...
# Subtest: wrong-question and mine feeds include the live left and right safe-area insets
ok 290 - wrong-question and mine feeds include the live left and right safe-area insets
  ---
  duration_ms: 1.5087
  type: 'test'
  ...
# Subtest: mine separates ordinary settings from the confirmed destructive action
ok 291 - mine separates ordinary settings from the confirmed destructive action
  ---
  duration_ms: 0.5509
  type: 'test'
  ...
# Subtest: account and migration actions meet the 48vp touch-target floor
ok 292 - account and migration actions meet the 48vp touch-target floor
  ---
  duration_ms: 0.7155
  type: 'test'
  ...
# Subtest: wrong and mine own their top titles below the live status-bar inset
ok 293 - wrong and mine own their top titles below the live status-bar inset
  ---
  duration_ms: 2.0662
  type: 'test'
  ...
# Subtest: mine merges the learning-center identity into one account sheet
ok 294 - mine merges the learning-center identity into one account sheet
  ---
  duration_ms: 0.6717
  type: 'test'
  ...
# Subtest: mine displays the current hardware name without changing the login exchange boundary
ok 295 - mine displays the current hardware name without changing the login exchange boundary
  ---
  duration_ms: 1.6153
  type: 'test'
  ...
1..295
# tests 295
# suites 0
# pass 294
# fail 1
# cancelled 0
# skipped 0
# todo 0
# duration_ms 1050.3103
