FILE=entry/src/main/ets/components/EmptyState.ets EXIT=0
{
  "success": true,
  "errors": [],
  "summary": {
    "errorCount": 0,
    "warnCount": 0
  }
}
FILE=entry/src/main/ets/pages/WrongQuestionsPage.ets EXIT=0
{
  "success": true,
  "errors": [],
  "summary": {
    "errorCount": 0,
    "warnCount": 0
  }
}
FILE=entry/src/main/ets/pages/MinePage.ets EXIT=0
{
  "success": true,
  "errors": [],
  "summary": {
    "errorCount": 0,
    "warnCount": 0
  }
}
FILE=entry/src/main/ets/components/HuaweiAccountCard.ets EXIT=0
{
  "success": true,
  "errors": [],
  "summary": {
    "errorCount": 0,
    "warnCount": 0
  }
}
FILE=entry/src/main/ets/components/LegacyMigrationCard.ets EXIT=0
{
  "success": true,
  "errors": [],
  "summary": {
    "errorCount": 0,
    "warnCount": 0
  }
}
